Archive member included to satisfy reference by file (symbol)

c:/program files (x86)/atmel/studio/7.0/toolchain/avr8/avr8-gnu-toolchain/bin/../lib/gcc/avr/5.4.0/../../../../avr/lib/avr5\libm.a(addsf3.o)
                              HAL/LCD.o (__subsf3)
c:/program files (x86)/atmel/studio/7.0/toolchain/avr8/avr8-gnu-toolchain/bin/../lib/gcc/avr/5.4.0/../../../../avr/lib/avr5\libm.a(addsf3x.o)
                              c:/program files (x86)/atmel/studio/7.0/toolchain/avr8/avr8-gnu-toolchain/bin/../lib/gcc/avr/5.4.0/../../../../avr/lib/avr5\libm.a(addsf3.o) (__addsf3x)
c:/program files (x86)/atmel/studio/7.0/toolchain/avr8/avr8-gnu-toolchain/bin/../lib/gcc/avr/5.4.0/../../../../avr/lib/avr5\libm.a(fixsfsi.o)
                              HAL/LCD.o (__fixsfsi)
c:/program files (x86)/atmel/studio/7.0/toolchain/avr8/avr8-gnu-toolchain/bin/../lib/gcc/avr/5.4.0/../../../../avr/lib/avr5\libm.a(fixunssfsi.o)
                              HAL/LCD.o (__fixunssfsi)
c:/program files (x86)/atmel/studio/7.0/toolchain/avr8/avr8-gnu-toolchain/bin/../lib/gcc/avr/5.4.0/../../../../avr/lib/avr5\libm.a(floatsisf.o)
                              MCAL/ADC.o (__floatunsisf)
c:/program files (x86)/atmel/studio/7.0/toolchain/avr8/avr8-gnu-toolchain/bin/../lib/gcc/avr/5.4.0/../../../../avr/lib/avr5\libm.a(fp_inf.o)
                              c:/program files (x86)/atmel/studio/7.0/toolchain/avr8/avr8-gnu-toolchain/bin/../lib/gcc/avr/5.4.0/../../../../avr/lib/avr5\libm.a(addsf3x.o) (__fp_inf)
c:/program files (x86)/atmel/studio/7.0/toolchain/avr8/avr8-gnu-toolchain/bin/../lib/gcc/avr/5.4.0/../../../../avr/lib/avr5\libm.a(fp_nan.o)
                              c:/program files (x86)/atmel/studio/7.0/toolchain/avr8/avr8-gnu-toolchain/bin/../lib/gcc/avr/5.4.0/../../../../avr/lib/avr5\libm.a(addsf3x.o) (__fp_nan)
c:/program files (x86)/atmel/studio/7.0/toolchain/avr8/avr8-gnu-toolchain/bin/../lib/gcc/avr/5.4.0/../../../../avr/lib/avr5\libm.a(fp_pscA.o)
                              c:/program files (x86)/atmel/studio/7.0/toolchain/avr8/avr8-gnu-toolchain/bin/../lib/gcc/avr/5.4.0/../../../../avr/lib/avr5\libm.a(addsf3x.o) (__fp_pscA)
c:/program files (x86)/atmel/studio/7.0/toolchain/avr8/avr8-gnu-toolchain/bin/../lib/gcc/avr/5.4.0/../../../../avr/lib/avr5\libm.a(fp_pscB.o)
                              c:/program files (x86)/atmel/studio/7.0/toolchain/avr8/avr8-gnu-toolchain/bin/../lib/gcc/avr/5.4.0/../../../../avr/lib/avr5\libm.a(addsf3x.o) (__fp_pscB)
c:/program files (x86)/atmel/studio/7.0/toolchain/avr8/avr8-gnu-toolchain/bin/../lib/gcc/avr/5.4.0/../../../../avr/lib/avr5\libm.a(fp_round.o)
                              c:/program files (x86)/atmel/studio/7.0/toolchain/avr8/avr8-gnu-toolchain/bin/../lib/gcc/avr/5.4.0/../../../../avr/lib/avr5\libm.a(addsf3.o) (__fp_round)
c:/program files (x86)/atmel/studio/7.0/toolchain/avr8/avr8-gnu-toolchain/bin/../lib/gcc/avr/5.4.0/../../../../avr/lib/avr5\libm.a(fp_split3.o)
                              c:/program files (x86)/atmel/studio/7.0/toolchain/avr8/avr8-gnu-toolchain/bin/../lib/gcc/avr/5.4.0/../../../../avr/lib/avr5\libm.a(addsf3x.o) (__fp_split3)
c:/program files (x86)/atmel/studio/7.0/toolchain/avr8/avr8-gnu-toolchain/bin/../lib/gcc/avr/5.4.0/../../../../avr/lib/avr5\libm.a(fp_zero.o)
                              c:/program files (x86)/atmel/studio/7.0/toolchain/avr8/avr8-gnu-toolchain/bin/../lib/gcc/avr/5.4.0/../../../../avr/lib/avr5\libm.a(addsf3x.o) (__fp_zero)
c:/program files (x86)/atmel/studio/7.0/toolchain/avr8/avr8-gnu-toolchain/bin/../lib/gcc/avr/5.4.0/../../../../avr/lib/avr5\libm.a(mulsf3.o)
                              HAL/LCD.o (__mulsf3)
c:/program files (x86)/atmel/studio/7.0/toolchain/avr8/avr8-gnu-toolchain/bin/../lib/gcc/avr/5.4.0/../../../../avr/lib/avr5\libm.a(mulsf3x.o)
                              c:/program files (x86)/atmel/studio/7.0/toolchain/avr8/avr8-gnu-toolchain/bin/../lib/gcc/avr/5.4.0/../../../../avr/lib/avr5\libm.a(mulsf3.o) (__mulsf3x)
c:/program files (x86)/atmel/studio/7.0/toolchain/avr8/avr8-gnu-toolchain/bin/../lib/gcc/avr/5.4.0/avr5\libgcc.a(_udivmodhi4.o)
                              SERVICES/Timers_Services.o (__udivmodhi4)
c:/program files (x86)/atmel/studio/7.0/toolchain/avr8/avr8-gnu-toolchain/bin/../lib/gcc/avr/5.4.0/avr5\libgcc.a(_divmodhi4.o)
                              HAL/RGB.o (__divmodhi4)
c:/program files (x86)/atmel/studio/7.0/toolchain/avr8/avr8-gnu-toolchain/bin/../lib/gcc/avr/5.4.0/avr5\libgcc.a(_udivmodsi4.o)
                              HAL/LCD.o (__udivmodsi4)
c:/program files (x86)/atmel/studio/7.0/toolchain/avr8/avr8-gnu-toolchain/bin/../lib/gcc/avr/5.4.0/avr5\libgcc.a(_divmodsi4.o)
                              HAL/LCD.o (__divmodsi4)
c:/program files (x86)/atmel/studio/7.0/toolchain/avr8/avr8-gnu-toolchain/bin/../lib/gcc/avr/5.4.0/avr5\libgcc.a(_negsi2.o)
                              c:/program files (x86)/atmel/studio/7.0/toolchain/avr8/avr8-gnu-toolchain/bin/../lib/gcc/avr/5.4.0/avr5\libgcc.a(_divmodsi4.o) (__negsi2)
c:/program files (x86)/atmel/studio/7.0/toolchain/avr8/avr8-gnu-toolchain/bin/../lib/gcc/avr/5.4.0/avr5\libgcc.a(_exit.o)
                              C:/Program Files (x86)/Atmel/Studio/7.0/Packs/Atmel/ATmega_DFP/1.7.374/gcc/dev/atmega32/avr5/crtatmega32.o (exit)
c:/program files (x86)/atmel/studio/7.0/toolchain/avr8/avr8-gnu-toolchain/bin/../lib/gcc/avr/5.4.0/avr5\libgcc.a(_tablejump2.o)
                              MCAL/TIMERS.o (__tablejump2__)
c:/program files (x86)/atmel/studio/7.0/toolchain/avr8/avr8-gnu-toolchain/bin/../lib/gcc/avr/5.4.0/avr5\libgcc.a(_copy_data.o)
                              HAL/KeyPad.o (__do_copy_data)
c:/program files (x86)/atmel/studio/7.0/toolchain/avr8/avr8-gnu-toolchain/bin/../lib/gcc/avr/5.4.0/avr5\libgcc.a(_clear_bss.o)
                              HAL/RGB.o (__do_clear_bss)
c:/program files (x86)/atmel/studio/7.0/toolchain/avr8/avr8-gnu-toolchain/bin/../lib/gcc/avr/5.4.0/avr5\libgcc.a(_umulhisi3.o)
                              HAL/LCD.o (__umulhisi3)
c:/program files (x86)/atmel/studio/7.0/toolchain/avr8/avr8-gnu-toolchain/bin/../lib/gcc/avr/5.4.0/avr5\libgcc.a(_muluhisi3.o)
                              SERVICES/Timers_Services.o (__muluhisi3)

Discarded input sections

 .data          0x00000000        0x0 C:/Program Files (x86)/Atmel/Studio/7.0/Packs/Atmel/ATmega_DFP/1.7.374/gcc/dev/atmega32/avr5/crtatmega32.o
 .bss           0x00000000        0x0 C:/Program Files (x86)/Atmel/Studio/7.0/Packs/Atmel/ATmega_DFP/1.7.374/gcc/dev/atmega32/avr5/crtatmega32.o
 .text          0x00000000        0x0 HAL/Button.o
 .data          0x00000000        0x0 HAL/Button.o
 .bss           0x00000000        0x0 HAL/Button.o
 .text.Button_Init
                0x00000000       0x26 HAL/Button.o
 .text.Button_GetStatus
                0x00000000       0x46 HAL/Button.o
 .debug_info    0x00000000      0x298 HAL/Button.o
 .debug_abbrev  0x00000000      0x128 HAL/Button.o
 .debug_loc     0x00000000      0x1af HAL/Button.o
 .debug_aranges
                0x00000000       0x28 HAL/Button.o
 .debug_ranges  0x00000000       0x18 HAL/Button.o
 .debug_line    0x00000000       0xdf HAL/Button.o
 .debug_str     0x00000000      0x2d6 HAL/Button.o
 .comment       0x00000000       0x31 HAL/Button.o
 .debug_frame   0x00000000       0x48 HAL/Button.o
 .text          0x00000000        0x0 HAL/KeyPad.o
 .data          0x00000000        0x0 HAL/KeyPad.o
 .bss           0x00000000        0x0 HAL/KeyPad.o
 .text.KEYPAD_GetKey
                0x00000000       0x96 HAL/KeyPad.o
 .rodata.KeysArray
                0x00000000       0x10 HAL/KeyPad.o
 .debug_info    0x00000000      0x2aa HAL/KeyPad.o
 .debug_abbrev  0x00000000       0xe3 HAL/KeyPad.o
 .debug_loc     0x00000000       0xbf HAL/KeyPad.o
 .debug_aranges
                0x00000000       0x20 HAL/KeyPad.o
 .debug_ranges  0x00000000       0x10 HAL/KeyPad.o
 .debug_line    0x00000000       0xf7 HAL/KeyPad.o
 .debug_str     0x00000000      0x27a HAL/KeyPad.o
 .comment       0x00000000       0x31 HAL/KeyPad.o
 .debug_frame   0x00000000       0x40 HAL/KeyPad.o
 .text          0x00000000        0x0 HAL/LCD.o
 .data          0x00000000        0x0 HAL/LCD.o
 .bss           0x00000000        0x0 HAL/LCD.o
 .text.LCD_WriteNumber
                0x00000000       0xc6 HAL/LCD.o
 .text.LCD_WriteBinary
                0x00000000       0x44 HAL/LCD.o
 .text.LCD_WriteHex
                0x00000000       0x3c HAL/LCD.o
 .text.LCD_HexToDec
                0x00000000       0x86 HAL/LCD.o
 .text.LCD_HexToBin
                0x00000000       0x82 HAL/LCD.o
 .text.LCD_BinToDec
                0x00000000       0x5e HAL/LCD.o
 .text.LCD_BinToHex
                0x00000000       0x70 HAL/LCD.o
 .text.LCD_WriteNumber_4D
                0x00000000      0x142 HAL/LCD.o
 .text.LCD_Clear
                0x00000000        0x8 HAL/LCD.o
 .text.LCD_GoToClear
                0x00000000       0x20 HAL/LCD.o
 .text.LCD_Create_Character
                0x00000000       0x3c HAL/LCD.o
 .text.LCD_WriteFloat
                0x00000000       0x5c HAL/LCD.o
 .text          0x00000000        0x0 HAL/Led.o
 .data          0x00000000        0x0 HAL/Led.o
 .bss           0x00000000        0x0 HAL/Led.o
 .text.LED_Init
                0x00000000       0x32 HAL/Led.o
 .text.LED_On   0x00000000       0x1e HAL/Led.o
 .text.LED_Off  0x00000000       0x1e HAL/Led.o
 .text.LED_Toggle
                0x00000000       0x1c HAL/Led.o
 .debug_info    0x00000000      0x33d HAL/Led.o
 .debug_abbrev  0x00000000      0x132 HAL/Led.o
 .debug_loc     0x00000000      0x26f HAL/Led.o
 .debug_aranges
                0x00000000       0x38 HAL/Led.o
 .debug_ranges  0x00000000       0x28 HAL/Led.o
 .debug_line    0x00000000      0x14d HAL/Led.o
 .debug_str     0x00000000      0x2c1 HAL/Led.o
 .comment       0x00000000       0x31 HAL/Led.o
 .debug_frame   0x00000000       0x60 HAL/Led.o
 .text          0x00000000        0x0 HAL/Motor.o
 .data          0x00000000        0x0 HAL/Motor.o
 .bss           0x00000000        0x0 HAL/Motor.o
 .text.MOTOR_CW
                0x00000000       0x2e HAL/Motor.o
 .text.MOTOR_CCW
                0x00000000       0x2e HAL/Motor.o
 .text.MOTOR_Stop
                0x00000000       0x2e HAL/Motor.o
 .text.ROBOT_MoveForward
                0x00000000       0x1a HAL/Motor.o
 .text.ROBOT_MoveBackward
                0x00000000       0x1a HAL/Motor.o
 .text.ROBOT_MoveRight
                0x00000000        0xe HAL/Motor.o
 .text.ROBOT_MoveLeft
                0x00000000        0xe HAL/Motor.o
 .text.ROBOT_Stop
                0x00000000       0x1a HAL/Motor.o
 .debug_info    0x00000000      0x4ae HAL/Motor.o
 .debug_abbrev  0x00000000       0xb9 HAL/Motor.o
 .debug_loc     0x00000000       0xae HAL/Motor.o
 .debug_aranges
                0x00000000       0x58 HAL/Motor.o
 .debug_ranges  0x00000000       0x48 HAL/Motor.o
 .debug_line    0x00000000      0x1a2 HAL/Motor.o
 .debug_str     0x00000000      0x2a0 HAL/Motor.o
 .comment       0x00000000       0x31 HAL/Motor.o
 .debug_frame   0x00000000       0x94 HAL/Motor.o
 .text          0x00000000        0x0 HAL/RGB.o
 .data          0x00000000        0x0 HAL/RGB.o
 .bss           0x00000000        0x0 HAL/RGB.o
 .text.RGB_ChangeFunc
                0x00000000       0xc6 HAL/RGB.o
 .text.RGB_Init
                0x00000000       0x20 HAL/RGB.o
 .text.RGB_set_color
                0x00000000       0x28 HAL/RGB.o
 .text.RGB_ShowroomAsynch
                0x00000000      0x1e4 HAL/RGB.o
 .bss.oldBlue.2236
                0x00000000        0x1 HAL/RGB.o
 .bss.oldGreen.2235
                0x00000000        0x1 HAL/RGB.o
 .bss.oldRed.2234
                0x00000000        0x1 HAL/RGB.o
 .bss.flag.2233
                0x00000000        0x1 HAL/RGB.o
 .bss.newBlue   0x00000000        0x1 HAL/RGB.o
 .bss.newGreen  0x00000000        0x1 HAL/RGB.o
 .bss.newRed    0x00000000        0x1 HAL/RGB.o
 .bss.bluestep  0x00000000        0x1 HAL/RGB.o
 .bss.greenStep
                0x00000000        0x1 HAL/RGB.o
 .bss.redStep   0x00000000        0x1 HAL/RGB.o
 .rodata.color_array
                0x00000000       0x2a HAL/RGB.o
 .debug_info    0x00000000      0x4f0 HAL/RGB.o
 .debug_abbrev  0x00000000      0x14e HAL/RGB.o
 .debug_loc     0x00000000      0x180 HAL/RGB.o
 .debug_aranges
                0x00000000       0x38 HAL/RGB.o
 .debug_ranges  0x00000000       0x28 HAL/RGB.o
 .debug_line    0x00000000      0x23a HAL/RGB.o
 .debug_str     0x00000000      0x64e HAL/RGB.o
 .comment       0x00000000       0x31 HAL/RGB.o
 .debug_frame   0x00000000       0x60 HAL/RGB.o
 .text          0x00000000        0x0 HAL/Sensors.o
 .data          0x00000000        0x0 HAL/Sensors.o
 .bss           0x00000000        0x0 HAL/Sensors.o
 .text.LM35_GetTemp
                0x00000000        0x8 HAL/Sensors.o
 .text.MPX4115_GetPressure
                0x00000000       0x28 HAL/Sensors.o
 .text.POT_GetPerc
                0x00000000       0x20 HAL/Sensors.o
 .debug_info    0x00000000      0x1c2 HAL/Sensors.o
 .debug_abbrev  0x00000000       0xc3 HAL/Sensors.o
 .debug_loc     0x00000000       0x30 HAL/Sensors.o
 .debug_aranges
                0x00000000       0x30 HAL/Sensors.o
 .debug_ranges  0x00000000       0x20 HAL/Sensors.o
 .debug_line    0x00000000       0xb0 HAL/Sensors.o
 .debug_str     0x00000000      0x1f1 HAL/Sensors.o
 .comment       0x00000000       0x31 HAL/Sensors.o
 .debug_frame   0x00000000       0x44 HAL/Sensors.o
 .text          0x00000000        0x0 HAL/Servo.o
 .data          0x00000000        0x0 HAL/Servo.o
 .bss           0x00000000        0x0 HAL/Servo.o
 .text.SERVO_Init
                0x00000000       0x1e HAL/Servo.o
 .text.SERVO_SetAngle
                0x00000000       0x22 HAL/Servo.o
 .debug_info    0x00000000      0x195 HAL/Servo.o
 .debug_abbrev  0x00000000       0xa3 HAL/Servo.o
 .debug_aranges
                0x00000000       0x28 HAL/Servo.o
 .debug_ranges  0x00000000       0x18 HAL/Servo.o
 .debug_line    0x00000000       0x87 HAL/Servo.o
 .debug_str     0x00000000      0x336 HAL/Servo.o
 .comment       0x00000000       0x31 HAL/Servo.o
 .debug_frame   0x00000000       0x34 HAL/Servo.o
 .text          0x00000000        0x0 HAL/Seven_Segment.o
 .data          0x00000000        0x0 HAL/Seven_Segment.o
 .bss           0x00000000        0x0 HAL/Seven_Segment.o
 .text.Segment_Display
                0x00000000       0x14 HAL/Seven_Segment.o
 .text.Segment_TwoDisplays
                0x00000000       0x46 HAL/Seven_Segment.o
 .text.Segment_Display_BCD
                0x00000000        0xa HAL/Seven_Segment.o
 .text.Segment_TwoDisplays_BCD
                0x00000000       0x36 HAL/Seven_Segment.o
 .data.SegmentNumbers
                0x00000000        0xa HAL/Seven_Segment.o
 .debug_info    0x00000000      0x1d7 HAL/Seven_Segment.o
 .debug_abbrev  0x00000000      0x105 HAL/Seven_Segment.o
 .debug_loc     0x00000000      0x157 HAL/Seven_Segment.o
 .debug_aranges
                0x00000000       0x38 HAL/Seven_Segment.o
 .debug_ranges  0x00000000       0x28 HAL/Seven_Segment.o
 .debug_line    0x00000000       0xd0 HAL/Seven_Segment.o
 .debug_str     0x00000000      0x1ed HAL/Seven_Segment.o
 .comment       0x00000000       0x31 HAL/Seven_Segment.o
 .debug_frame   0x00000000       0x60 HAL/Seven_Segment.o
 .text          0x00000000        0x0 HAL/Stepper_Motor.o
 .data          0x00000000        0x0 HAL/Stepper_Motor.o
 .bss           0x00000000        0x0 HAL/Stepper_Motor.o
 .text.Stepper_BiPolar_CW
                0x00000000       0xca HAL/Stepper_Motor.o
 .text.Stepper_BiPolar_CCW
                0x00000000       0xca HAL/Stepper_Motor.o
 .text.Stepper_UniPolar_CW
                0x00000000       0xca HAL/Stepper_Motor.o
 .text.Stepper_UniPolar_CCW
                0x00000000       0xca HAL/Stepper_Motor.o
 .text.Stepper_UniPolar_CW_Step1
                0x00000000       0x34 HAL/Stepper_Motor.o
 .text.Stepper_UniPolar_CW_Step2
                0x00000000       0x34 HAL/Stepper_Motor.o
 .text.Stepper_UniPolar_CW_Step3
                0x00000000       0x34 HAL/Stepper_Motor.o
 .text.Stepper_UniPolar_CW_Step4
                0x00000000       0x34 HAL/Stepper_Motor.o
 .text.Stepper_UniPolar_HS_CW
                0x00000000      0x192 HAL/Stepper_Motor.o
 .text.Stepper_UniPolar_HS_CCW
                0x00000000      0x192 HAL/Stepper_Motor.o
 .text.Stepper_Steps_CW
                0x00000000       0x60 HAL/Stepper_Motor.o
 .text.Stepper_Angle
                0x00000000       0x2a HAL/Stepper_Motor.o
 .bss.stepFlag.1882
                0x00000000        0x1 HAL/Stepper_Motor.o
 .debug_info    0x00000000     0x18eb HAL/Stepper_Motor.o
 .debug_abbrev  0x00000000      0x1a9 HAL/Stepper_Motor.o
 .debug_loc     0x00000000      0xb14 HAL/Stepper_Motor.o
 .debug_aranges
                0x00000000       0x78 HAL/Stepper_Motor.o
 .debug_ranges  0x00000000       0x68 HAL/Stepper_Motor.o
 .debug_line    0x00000000      0x738 HAL/Stepper_Motor.o
 .debug_str     0x00000000      0x3ba HAL/Stepper_Motor.o
 .comment       0x00000000       0x31 HAL/Stepper_Motor.o
 .debug_frame   0x00000000       0xe4 HAL/Stepper_Motor.o
 .text          0x00000000        0x0 HAL/Ultrasonic.o
 .data          0x00000000        0x0 HAL/Ultrasonic.o
 .bss           0x00000000        0x0 HAL/Ultrasonic.o
 .text.ULTRASONIC_CaptureTimes
                0x00000000       0x42 HAL/Ultrasonic.o
 .text.ULTRASONIC_Init
                0x00000000       0x16 HAL/Ultrasonic.o
 .text.ULTRASONIC_GenerateTrigger
                0x00000000       0x1e HAL/Ultrasonic.o
 .text.ULTRASONIC_GetDistance
                0x00000000       0x74 HAL/Ultrasonic.o
 .bss.capFlag   0x00000000        0x1 HAL/Ultrasonic.o
 .bss.dutyTime  0x00000000        0x2 HAL/Ultrasonic.o
 .bss.ultraDistance
                0x00000000        0x2 HAL/Ultrasonic.o
 .bss.firstFalling
                0x00000000        0x2 HAL/Ultrasonic.o
 .bss.firstRising
                0x00000000        0x2 HAL/Ultrasonic.o
 .debug_info    0x00000000      0x4b7 HAL/Ultrasonic.o
 .debug_abbrev  0x00000000      0x1a6 HAL/Ultrasonic.o
 .debug_loc     0x00000000       0xc9 HAL/Ultrasonic.o
 .debug_aranges
                0x00000000       0x38 HAL/Ultrasonic.o
 .debug_ranges  0x00000000       0x28 HAL/Ultrasonic.o
 .debug_line    0x00000000      0x211 HAL/Ultrasonic.o
 .debug_str     0x00000000      0x587 HAL/Ultrasonic.o
 .comment       0x00000000       0x31 HAL/Ultrasonic.o
 .debug_frame   0x00000000       0x64 HAL/Ultrasonic.o
 .text          0x00000000        0x0 main.o
 .data          0x00000000        0x0 main.o
 .bss           0x00000000        0x0 main.o
 .text          0x00000000        0x0 MCAL/ADC.o
 .data          0x00000000        0x0 MCAL/ADC.o
 .bss           0x00000000        0x0 MCAL/ADC.o
 .text.ADC_Init
                0x00000000       0x50 MCAL/ADC.o
 .text.ADC_Read
                0x00000000       0x1c MCAL/ADC.o
 .text.ADC_Volt
                0x00000000       0x20 MCAL/ADC.o
 .text.ADC_GetVolt
                0x00000000       0x26 MCAL/ADC.o
 .text.ADC_StartConversion
                0x00000000       0x20 MCAL/ADC.o
 .text.ADC_GetRead
                0x00000000       0x10 MCAL/ADC.o
 .text.ADC_GetReadPeriodicCheck
                0x00000000       0x20 MCAL/ADC.o
 .data.read_flag
                0x00000000        0x1 MCAL/ADC.o
 .debug_info    0x00000000      0x2d0 MCAL/ADC.o
 .debug_abbrev  0x00000000      0x126 MCAL/ADC.o
 .debug_loc     0x00000000      0x178 MCAL/ADC.o
 .debug_aranges
                0x00000000       0x50 MCAL/ADC.o
 .debug_ranges  0x00000000       0x40 MCAL/ADC.o
 .debug_line    0x00000000      0x1b2 MCAL/ADC.o
 .debug_str     0x00000000      0x2c9 MCAL/ADC.o
 .comment       0x00000000       0x31 MCAL/ADC.o
 .debug_frame   0x00000000       0x84 MCAL/ADC.o
 .text          0x00000000        0x0 MCAL/DIO.o
 .data          0x00000000        0x0 MCAL/DIO.o
 .bss           0x00000000        0x0 MCAL/DIO.o
 .text.DIO_ReadPinDirection
                0x00000000       0x70 MCAL/DIO.o
 .text.DIO_ReadPin
                0x00000000       0x70 MCAL/DIO.o
 .text.DIO_InitPort
                0x00000000       0xc4 MCAL/DIO.o
 .text.DIO_WritePort
                0x00000000       0x20 MCAL/DIO.o
 .text.DIO_ReadPortDirection
                0x00000000       0x2c MCAL/DIO.o
 .text.DIO_TogglePort
                0x00000000       0x30 MCAL/DIO.o
 .text          0x00000000        0x0 MCAL/DIO_Lcfg.o
 .data          0x00000000        0x0 MCAL/DIO_Lcfg.o
 .bss           0x00000000        0x0 MCAL/DIO_Lcfg.o
 .text          0x00000000        0x0 MCAL/External_Interrupts.o
 .data          0x00000000        0x0 MCAL/External_Interrupts.o
 .bss           0x00000000        0x0 MCAL/External_Interrupts.o
 .text.EXI_Enable
                0x00000000       0x24 MCAL/External_Interrupts.o
 .text.EXI_Disable
                0x00000000       0x24 MCAL/External_Interrupts.o
 .text.EXI_TriggerEdge
                0x00000000       0xc0 MCAL/External_Interrupts.o
 .text.EXI_SetCallBack
                0x00000000        0xe MCAL/External_Interrupts.o
 .text          0x00000000        0x0 MCAL/SPI.o
 .data          0x00000000        0x0 MCAL/SPI.o
 .bss           0x00000000        0x0 MCAL/SPI.o
 .text          0x00000000        0x0 MCAL/TIMERS.o
 .data          0x00000000        0x0 MCAL/TIMERS.o
 .bss           0x00000000        0x0 MCAL/TIMERS.o
 .text.Timer0_OVF_SetCallBack
                0x00000000        0xa MCAL/TIMERS.o
 .text.Timer0_OC_SetCallBack
                0x00000000        0xa MCAL/TIMERS.o
 .text.Timer1_OVF_SetCallBack
                0x00000000        0xa MCAL/TIMERS.o
 .text.Timer1_OCA_SetCallBack
                0x00000000        0xa MCAL/TIMERS.o
 .text.Timer1_OCB_SetCallBack
                0x00000000        0xa MCAL/TIMERS.o
 .text.Timer1_ICU_SetCallBack
                0x00000000        0xa MCAL/TIMERS.o
 .text.Timer2_OVF_SetCallBack
                0x00000000        0xa MCAL/TIMERS.o
 .text.Timer2_OC_SetCallBack
                0x00000000        0xa MCAL/TIMERS.o
 .text.Timer0_Init
                0x00000000       0x9a MCAL/TIMERS.o
 .text.Timer0_OV_InterruptEnable
                0x00000000        0x8 MCAL/TIMERS.o
 .text.Timer0_OV_InterruptDisable
                0x00000000        0x8 MCAL/TIMERS.o
 .text.Timer0_OC_InterruptEnable
                0x00000000        0x8 MCAL/TIMERS.o
 .text.Timer0_OC_InterruptDisable
                0x00000000        0x8 MCAL/TIMERS.o
 .text.Timer1_Init
                0x00000000      0x162 MCAL/TIMERS.o
 .progmem.gcc_sw_table.Timer1_Init
                0x00000000        0xe MCAL/TIMERS.o
 .text.Timer1_InputCaptureEdge
                0x00000000       0x18 MCAL/TIMERS.o
 .text.Timer1_ICU_InterruptEnable
                0x00000000        0x8 MCAL/TIMERS.o
 .text.Timer1_ICU_InterruptDisable
                0x00000000        0x8 MCAL/TIMERS.o
 .text.Timer1_OVF_InterruptEnable
                0x00000000        0x8 MCAL/TIMERS.o
 .text.Timer1_OVF_InterruptDisable
                0x00000000        0x8 MCAL/TIMERS.o
 .text.Timer1_OCA_InterruptEnable
                0x00000000        0x8 MCAL/TIMERS.o
 .text.Timer1_OCA_InterruptDisable
                0x00000000        0x8 MCAL/TIMERS.o
 .text.Timer1_OCB_InterruptEnable
                0x00000000        0x8 MCAL/TIMERS.o
 .text.Timer1_OCB_InterruptDisable
                0x00000000        0x8 MCAL/TIMERS.o
 .text.Timer2_Init
                0x00000000       0x9a MCAL/TIMERS.o
 .text.Timer2_OV_InterruptEnable
                0x00000000        0x8 MCAL/TIMERS.o
 .text.Timer2_OV_InterruptDisable
                0x00000000        0x8 MCAL/TIMERS.o
 .text.Timer2_OC_InterruptEnable
                0x00000000        0x8 MCAL/TIMERS.o
 .text.Timer2_OC_InterruptDisable
                0x00000000        0x8 MCAL/TIMERS.o
 .text.TIMER0_COMP_vect
                0x00000000       0x52 MCAL/TIMERS.o
 .text.TIMER1_COMPA_vect
                0x00000000       0x52 MCAL/TIMERS.o
 .text.TIMER1_COMPB_vect
                0x00000000       0x52 MCAL/TIMERS.o
 .text.TIMER1_CAPT_vect
                0x00000000       0x52 MCAL/TIMERS.o
 .bss.Timer1_ICU_Fptr
                0x00000000        0x2 MCAL/TIMERS.o
 .bss.Timer1_OCB_Fptr
                0x00000000        0x2 MCAL/TIMERS.o
 .bss.Timer1_OCA_Fptr
                0x00000000        0x2 MCAL/TIMERS.o
 .bss.Timer0_OC_Fptr
                0x00000000        0x2 MCAL/TIMERS.o
 .text          0x00000000        0x0 MCAL/UART.o
 .data          0x00000000        0x0 MCAL/UART.o
 .bss           0x00000000        0x0 MCAL/UART.o
 .text.UART_Init
                0x00000000       0x1e MCAL/UART.o
 .text.UART_Send
                0x00000000       0x10 MCAL/UART.o
 .text.UART_Receive
                0x00000000        0x8 MCAL/UART.o
 .text.UART_Receive_PeriodicCheck
                0x00000000       0x16 MCAL/UART.o
 .text.UART_SendByteNonBlocking
                0x00000000        0x4 MCAL/UART.o
 .text.UART_ReadByteNonBlocking
                0x00000000        0x4 MCAL/UART.o
 .text.UART_TxC_SetCallBack
                0x00000000        0xa MCAL/UART.o
 .text.UART_RxC_SetCallBack
                0x00000000        0xa MCAL/UART.o
 .text.UART_UDRE_SetCallBack
                0x00000000        0xa MCAL/UART.o
 .text.UART_TxInterruptEnable
                0x00000000        0x8 MCAL/UART.o
 .text.UART_RxInterruptEnable
                0x00000000        0x8 MCAL/UART.o
 .text.UART_UDRE_InterruptEnable
                0x00000000        0x8 MCAL/UART.o
 .bss.initFlag  0x00000000        0x1 MCAL/UART.o
 .text          0x00000000        0x0 SERVICES/Timers_Services.o
 .data          0x00000000        0x0 SERVICES/Timers_Services.o
 .bss           0x00000000        0x0 SERVICES/Timers_Services.o
 .text.Timer_func
                0x00000000       0x5c SERVICES/Timers_Services.o
 .text.Func_ICU
                0x00000000       0x82 SERVICES/Timers_Services.o
 .text.PWM_Freq_KHZ
                0x00000000       0x24 SERVICES/Timers_Services.o
 .text.PWM_Freq_HZ
                0x00000000       0x2c SERVICES/Timers_Services.o
 .text.PWM_Duty
                0x00000000       0x34 SERVICES/Timers_Services.o
 .text.PWM_Measure2
                0x00000000       0xc0 SERVICES/Timers_Services.o
 .text.PWM_Measure
                0x00000000       0xb4 SERVICES/Timers_Services.o
 .text.f1       0x00000000       0x24 SERVICES/Timers_Services.o
 .text.f2       0x00000000       0xa4 SERVICES/Timers_Services.o
 .text.Timer1_SetInterruptTime_s
                0x00000000       0x64 SERVICES/Timers_Services.o
 .bss.c.2128    0x00000000        0x4 SERVICES/Timers_Services.o
 .bss.fptr_timer
                0x00000000        0x2 SERVICES/Timers_Services.o
 .bss.NofOverFlow
                0x00000000        0x4 SERVICES/Timers_Services.o
 .bss.flag      0x00000000        0x2 SERVICES/Timers_Services.o
 .bss.t3        0x00000000        0x2 SERVICES/Timers_Services.o
 .bss.t2        0x00000000        0x2 SERVICES/Timers_Services.o
 .bss.t1        0x00000000        0x2 SERVICES/Timers_Services.o
 .debug_info    0x00000000      0x6ab SERVICES/Timers_Services.o
 .debug_abbrev  0x00000000      0x1a6 SERVICES/Timers_Services.o
 .debug_loc     0x00000000      0x501 SERVICES/Timers_Services.o
 .debug_aranges
                0x00000000       0x68 SERVICES/Timers_Services.o
 .debug_ranges  0x00000000       0x58 SERVICES/Timers_Services.o
 .debug_line    0x00000000      0x2f6 SERVICES/Timers_Services.o
 .debug_str     0x00000000      0x57e SERVICES/Timers_Services.o
 .comment       0x00000000       0x31 SERVICES/Timers_Services.o
 .debug_frame   0x00000000      0x154 SERVICES/Timers_Services.o
 .text          0x00000000        0x0 SERVICES/UART_Services.o
 .data          0x00000000        0x0 SERVICES/UART_Services.o
 .bss           0x00000000        0x0 SERVICES/UART_Services.o
 .text.UART_DeQueue
                0x00000000       0x4a SERVICES/UART_Services.o
 .text.Tx_FuncCallBack
                0x00000000       0x3a SERVICES/UART_Services.o
 .text.Rx_FuncCallBack
                0x00000000       0x7e SERVICES/UART_Services.o
 .text.LedOn    0x00000000       0x2a SERVICES/UART_Services.o
 .text.LedOff   0x00000000       0x2a SERVICES/UART_Services.o
 .rodata.str1.1
                0x00000000       0x20 SERVICES/UART_Services.o
 .text.LCD_num  0x00000000       0x36 SERVICES/UART_Services.o
 .text.Servo    0x00000000       0x14 SERVICES/UART_Services.o
 .text.UART_SendString
                0x00000000       0x26 SERVICES/UART_Services.o
 .text.UART_ReceiveString
                0x00000000       0x42 SERVICES/UART_Services.o
 .text.UART_SendString_Async
                0x00000000       0x3c SERVICES/UART_Services.o
 .text.UART_ReceiveString_Async
                0x00000000       0x2a SERVICES/UART_Services.o
 .text.string_match_usingSize
                0x00000000       0x32 SERVICES/UART_Services.o
 .text.UART_CommandFrame
                0x00000000       0xa0 SERVICES/UART_Services.o
 .text.string_compare
                0x00000000       0x38 SERVICES/UART_Services.o
 .text.UART_CommandECU
                0x00000000       0x44 SERVICES/UART_Services.o
 .text.UART_SendNumberU32
                0x00000000       0x3a SERVICES/UART_Services.o
 .text.UART_ReceiveNumberU32
                0x00000000       0x3a SERVICES/UART_Services.o
 .text.UART_SendStringCheckSum
                0x00000000       0x6c SERVICES/UART_Services.o
 .text.UART_ReceiveStringCheckSum
                0x00000000       0x6a SERVICES/UART_Services.o
 .text.UART_PushByte
                0x00000000       0x2c SERVICES/UART_Services.o
 .text.UART_PopByte
                0x00000000       0x2e SERVICES/UART_Services.o
 .text.UART_InQueue
                0x00000000       0x4c SERVICES/UART_Services.o
 .bss.i.2073    0x00000000        0x1 SERVICES/UART_Services.o
 .bss.flag.2074
                0x00000000        0x1 SERVICES/UART_Services.o
 .data.i.2069   0x00000000        0x1 SERVICES/UART_Services.o
 .bss.cicularFlag
                0x00000000        0x1 SERVICES/UART_Services.o
 .bss.DeQueue   0x00000000        0x1 SERVICES/UART_Services.o
 .bss.InQueue   0x00000000        0x1 SERVICES/UART_Services.o
 .bss.UART_Queue
                0x00000000        0xf SERVICES/UART_Services.o
 .bss.UART_sp   0x00000000        0x1 SERVICES/UART_Services.o
 .bss.UART_Stack
                0x00000000       0x1e SERVICES/UART_Services.o
 .data.FunPtr   0x00000000        0x8 SERVICES/UART_Services.o
 .data.commands
                0x00000000        0x8 SERVICES/UART_Services.o
 .bss.ECUdevice
                0x00000000        0x1 SERVICES/UART_Services.o
 .bss.PointersIter
                0x00000000        0x1 SERVICES/UART_Services.o
 .bss.UART_arrPtrs
                0x00000000       0x64 SERVICES/UART_Services.o
 .bss.Tx_str    0x00000000        0x2 SERVICES/UART_Services.o
 .bss.TxFlag    0x00000000        0x2 SERVICES/UART_Services.o
 .debug_info    0x00000000      0xcc8 SERVICES/UART_Services.o
 .debug_abbrev  0x00000000      0x2fc SERVICES/UART_Services.o
 .debug_loc     0x00000000      0xb57 SERVICES/UART_Services.o
 .debug_aranges
                0x00000000       0xc8 SERVICES/UART_Services.o
 .debug_ranges  0x00000000       0xe8 SERVICES/UART_Services.o
 .debug_line    0x00000000      0x6c7 SERVICES/UART_Services.o
 .debug_str     0x00000000      0x6b7 SERVICES/UART_Services.o
 .comment       0x00000000       0x31 SERVICES/UART_Services.o
 .debug_frame   0x00000000      0x264 SERVICES/UART_Services.o
 .text          0x00000000        0x0 c:/program files (x86)/atmel/studio/7.0/toolchain/avr8/avr8-gnu-toolchain/bin/../lib/gcc/avr/5.4.0/../../../../avr/lib/avr5\libm.a(addsf3.o)
 .data          0x00000000        0x0 c:/program files (x86)/atmel/studio/7.0/toolchain/avr8/avr8-gnu-toolchain/bin/../lib/gcc/avr/5.4.0/../../../../avr/lib/avr5\libm.a(addsf3.o)
 .bss           0x00000000        0x0 c:/program files (x86)/atmel/studio/7.0/toolchain/avr8/avr8-gnu-toolchain/bin/../lib/gcc/avr/5.4.0/../../../../avr/lib/avr5\libm.a(addsf3.o)
 .text.avr-libc.fplib
                0x00000000        0xe c:/program files (x86)/atmel/studio/7.0/toolchain/avr8/avr8-gnu-toolchain/bin/../lib/gcc/avr/5.4.0/../../../../avr/lib/avr5\libm.a(addsf3.o)
 .text          0x00000000        0x0 c:/program files (x86)/atmel/studio/7.0/toolchain/avr8/avr8-gnu-toolchain/bin/../lib/gcc/avr/5.4.0/../../../../avr/lib/avr5\libm.a(addsf3x.o)
 .data          0x00000000        0x0 c:/program files (x86)/atmel/studio/7.0/toolchain/avr8/avr8-gnu-toolchain/bin/../lib/gcc/avr/5.4.0/../../../../avr/lib/avr5\libm.a(addsf3x.o)
 .bss           0x00000000        0x0 c:/program files (x86)/atmel/studio/7.0/toolchain/avr8/avr8-gnu-toolchain/bin/../lib/gcc/avr/5.4.0/../../../../avr/lib/avr5\libm.a(addsf3x.o)
 .text.avr-libc.fplib
                0x00000000       0xcc c:/program files (x86)/atmel/studio/7.0/toolchain/avr8/avr8-gnu-toolchain/bin/../lib/gcc/avr/5.4.0/../../../../avr/lib/avr5\libm.a(addsf3x.o)
 .text          0x00000000        0x0 c:/program files (x86)/atmel/studio/7.0/toolchain/avr8/avr8-gnu-toolchain/bin/../lib/gcc/avr/5.4.0/../../../../avr/lib/avr5\libm.a(fixsfsi.o)
 .data          0x00000000        0x0 c:/program files (x86)/atmel/studio/7.0/toolchain/avr8/avr8-gnu-toolchain/bin/../lib/gcc/avr/5.4.0/../../../../avr/lib/avr5\libm.a(fixsfsi.o)
 .bss           0x00000000        0x0 c:/program files (x86)/atmel/studio/7.0/toolchain/avr8/avr8-gnu-toolchain/bin/../lib/gcc/avr/5.4.0/../../../../avr/lib/avr5\libm.a(fixsfsi.o)
 .text.avr-libc.fplib
                0x00000000        0xe c:/program files (x86)/atmel/studio/7.0/toolchain/avr8/avr8-gnu-toolchain/bin/../lib/gcc/avr/5.4.0/../../../../avr/lib/avr5\libm.a(fixsfsi.o)
 .text          0x00000000        0x0 c:/program files (x86)/atmel/studio/7.0/toolchain/avr8/avr8-gnu-toolchain/bin/../lib/gcc/avr/5.4.0/../../../../avr/lib/avr5\libm.a(fixunssfsi.o)
 .data          0x00000000        0x0 c:/program files (x86)/atmel/studio/7.0/toolchain/avr8/avr8-gnu-toolchain/bin/../lib/gcc/avr/5.4.0/../../../../avr/lib/avr5\libm.a(fixunssfsi.o)
 .bss           0x00000000        0x0 c:/program files (x86)/atmel/studio/7.0/toolchain/avr8/avr8-gnu-toolchain/bin/../lib/gcc/avr/5.4.0/../../../../avr/lib/avr5\libm.a(fixunssfsi.o)
 .text.avr-libc.fplib
                0x00000000       0x5e c:/program files (x86)/atmel/studio/7.0/toolchain/avr8/avr8-gnu-toolchain/bin/../lib/gcc/avr/5.4.0/../../../../avr/lib/avr5\libm.a(fixunssfsi.o)
 .text          0x00000000        0x0 c:/program files (x86)/atmel/studio/7.0/toolchain/avr8/avr8-gnu-toolchain/bin/../lib/gcc/avr/5.4.0/../../../../avr/lib/avr5\libm.a(floatsisf.o)
 .data          0x00000000        0x0 c:/program files (x86)/atmel/studio/7.0/toolchain/avr8/avr8-gnu-toolchain/bin/../lib/gcc/avr/5.4.0/../../../../avr/lib/avr5\libm.a(floatsisf.o)
 .bss           0x00000000        0x0 c:/program files (x86)/atmel/studio/7.0/toolchain/avr8/avr8-gnu-toolchain/bin/../lib/gcc/avr/5.4.0/../../../../avr/lib/avr5\libm.a(floatsisf.o)
 .text.avr-libc.fplib
                0x00000000       0x7a c:/program files (x86)/atmel/studio/7.0/toolchain/avr8/avr8-gnu-toolchain/bin/../lib/gcc/avr/5.4.0/../../../../avr/lib/avr5\libm.a(floatsisf.o)
 .text          0x00000000        0x0 c:/program files (x86)/atmel/studio/7.0/toolchain/avr8/avr8-gnu-toolchain/bin/../lib/gcc/avr/5.4.0/../../../../avr/lib/avr5\libm.a(fp_inf.o)
 .data          0x00000000        0x0 c:/program files (x86)/atmel/studio/7.0/toolchain/avr8/avr8-gnu-toolchain/bin/../lib/gcc/avr/5.4.0/../../../../avr/lib/avr5\libm.a(fp_inf.o)
 .bss           0x00000000        0x0 c:/program files (x86)/atmel/studio/7.0/toolchain/avr8/avr8-gnu-toolchain/bin/../lib/gcc/avr/5.4.0/../../../../avr/lib/avr5\libm.a(fp_inf.o)
 .text.avr-libc.fplib
                0x00000000        0xc c:/program files (x86)/atmel/studio/7.0/toolchain/avr8/avr8-gnu-toolchain/bin/../lib/gcc/avr/5.4.0/../../../../avr/lib/avr5\libm.a(fp_inf.o)
 .text          0x00000000        0x0 c:/program files (x86)/atmel/studio/7.0/toolchain/avr8/avr8-gnu-toolchain/bin/../lib/gcc/avr/5.4.0/../../../../avr/lib/avr5\libm.a(fp_nan.o)
 .data          0x00000000        0x0 c:/program files (x86)/atmel/studio/7.0/toolchain/avr8/avr8-gnu-toolchain/bin/../lib/gcc/avr/5.4.0/../../../../avr/lib/avr5\libm.a(fp_nan.o)
 .bss           0x00000000        0x0 c:/program files (x86)/atmel/studio/7.0/toolchain/avr8/avr8-gnu-toolchain/bin/../lib/gcc/avr/5.4.0/../../../../avr/lib/avr5\libm.a(fp_nan.o)
 .text.avr-libc.fplib
                0x00000000        0x6 c:/program files (x86)/atmel/studio/7.0/toolchain/avr8/avr8-gnu-toolchain/bin/../lib/gcc/avr/5.4.0/../../../../avr/lib/avr5\libm.a(fp_nan.o)
 .text          0x00000000        0x0 c:/program files (x86)/atmel/studio/7.0/toolchain/avr8/avr8-gnu-toolchain/bin/../lib/gcc/avr/5.4.0/../../../../avr/lib/avr5\libm.a(fp_pscA.o)
 .data          0x00000000        0x0 c:/program files (x86)/atmel/studio/7.0/toolchain/avr8/avr8-gnu-toolchain/bin/../lib/gcc/avr/5.4.0/../../../../avr/lib/avr5\libm.a(fp_pscA.o)
 .bss           0x00000000        0x0 c:/program files (x86)/atmel/studio/7.0/toolchain/avr8/avr8-gnu-toolchain/bin/../lib/gcc/avr/5.4.0/../../../../avr/lib/avr5\libm.a(fp_pscA.o)
 .text.avr-libc.fplib
                0x00000000        0xe c:/program files (x86)/atmel/studio/7.0/toolchain/avr8/avr8-gnu-toolchain/bin/../lib/gcc/avr/5.4.0/../../../../avr/lib/avr5\libm.a(fp_pscA.o)
 .text          0x00000000        0x0 c:/program files (x86)/atmel/studio/7.0/toolchain/avr8/avr8-gnu-toolchain/bin/../lib/gcc/avr/5.4.0/../../../../avr/lib/avr5\libm.a(fp_pscB.o)
 .data          0x00000000        0x0 c:/program files (x86)/atmel/studio/7.0/toolchain/avr8/avr8-gnu-toolchain/bin/../lib/gcc/avr/5.4.0/../../../../avr/lib/avr5\libm.a(fp_pscB.o)
 .bss           0x00000000        0x0 c:/program files (x86)/atmel/studio/7.0/toolchain/avr8/avr8-gnu-toolchain/bin/../lib/gcc/avr/5.4.0/../../../../avr/lib/avr5\libm.a(fp_pscB.o)
 .text.avr-libc.fplib
                0x00000000        0xe c:/program files (x86)/atmel/studio/7.0/toolchain/avr8/avr8-gnu-toolchain/bin/../lib/gcc/avr/5.4.0/../../../../avr/lib/avr5\libm.a(fp_pscB.o)
 .text          0x00000000        0x0 c:/program files (x86)/atmel/studio/7.0/toolchain/avr8/avr8-gnu-toolchain/bin/../lib/gcc/avr/5.4.0/../../../../avr/lib/avr5\libm.a(fp_round.o)
 .data          0x00000000        0x0 c:/program files (x86)/atmel/studio/7.0/toolchain/avr8/avr8-gnu-toolchain/bin/../lib/gcc/avr/5.4.0/../../../../avr/lib/avr5\libm.a(fp_round.o)
 .bss           0x00000000        0x0 c:/program files (x86)/atmel/studio/7.0/toolchain/avr8/avr8-gnu-toolchain/bin/../lib/gcc/avr/5.4.0/../../../../avr/lib/avr5\libm.a(fp_round.o)
 .text.avr-libc.fplib
                0x00000000       0x22 c:/program files (x86)/atmel/studio/7.0/toolchain/avr8/avr8-gnu-toolchain/bin/../lib/gcc/avr/5.4.0/../../../../avr/lib/avr5\libm.a(fp_round.o)
 .text          0x00000000        0x0 c:/program files (x86)/atmel/studio/7.0/toolchain/avr8/avr8-gnu-toolchain/bin/../lib/gcc/avr/5.4.0/../../../../avr/lib/avr5\libm.a(fp_split3.o)
 .data          0x00000000        0x0 c:/program files (x86)/atmel/studio/7.0/toolchain/avr8/avr8-gnu-toolchain/bin/../lib/gcc/avr/5.4.0/../../../../avr/lib/avr5\libm.a(fp_split3.o)
 .bss           0x00000000        0x0 c:/program files (x86)/atmel/studio/7.0/toolchain/avr8/avr8-gnu-toolchain/bin/../lib/gcc/avr/5.4.0/../../../../avr/lib/avr5\libm.a(fp_split3.o)
 .text.avr-libc.fplib
                0x00000000       0x44 c:/program files (x86)/atmel/studio/7.0/toolchain/avr8/avr8-gnu-toolchain/bin/../lib/gcc/avr/5.4.0/../../../../avr/lib/avr5\libm.a(fp_split3.o)
 .text          0x00000000        0x0 c:/program files (x86)/atmel/studio/7.0/toolchain/avr8/avr8-gnu-toolchain/bin/../lib/gcc/avr/5.4.0/../../../../avr/lib/avr5\libm.a(fp_zero.o)
 .data          0x00000000        0x0 c:/program files (x86)/atmel/studio/7.0/toolchain/avr8/avr8-gnu-toolchain/bin/../lib/gcc/avr/5.4.0/../../../../avr/lib/avr5\libm.a(fp_zero.o)
 .bss           0x00000000        0x0 c:/program files (x86)/atmel/studio/7.0/toolchain/avr8/avr8-gnu-toolchain/bin/../lib/gcc/avr/5.4.0/../../../../avr/lib/avr5\libm.a(fp_zero.o)
 .text.avr-libc.fplib
                0x00000000        0xe c:/program files (x86)/atmel/studio/7.0/toolchain/avr8/avr8-gnu-toolchain/bin/../lib/gcc/avr/5.4.0/../../../../avr/lib/avr5\libm.a(fp_zero.o)
 .text          0x00000000        0x0 c:/program files (x86)/atmel/studio/7.0/toolchain/avr8/avr8-gnu-toolchain/bin/../lib/gcc/avr/5.4.0/../../../../avr/lib/avr5\libm.a(mulsf3.o)
 .data          0x00000000        0x0 c:/program files (x86)/atmel/studio/7.0/toolchain/avr8/avr8-gnu-toolchain/bin/../lib/gcc/avr/5.4.0/../../../../avr/lib/avr5\libm.a(mulsf3.o)
 .bss           0x00000000        0x0 c:/program files (x86)/atmel/studio/7.0/toolchain/avr8/avr8-gnu-toolchain/bin/../lib/gcc/avr/5.4.0/../../../../avr/lib/avr5\libm.a(mulsf3.o)
 .text.avr-libc.fplib
                0x00000000        0x8 c:/program files (x86)/atmel/studio/7.0/toolchain/avr8/avr8-gnu-toolchain/bin/../lib/gcc/avr/5.4.0/../../../../avr/lib/avr5\libm.a(mulsf3.o)
 .text          0x00000000        0x0 c:/program files (x86)/atmel/studio/7.0/toolchain/avr8/avr8-gnu-toolchain/bin/../lib/gcc/avr/5.4.0/../../../../avr/lib/avr5\libm.a(mulsf3x.o)
 .data          0x00000000        0x0 c:/program files (x86)/atmel/studio/7.0/toolchain/avr8/avr8-gnu-toolchain/bin/../lib/gcc/avr/5.4.0/../../../../avr/lib/avr5\libm.a(mulsf3x.o)
 .bss           0x00000000        0x0 c:/program files (x86)/atmel/studio/7.0/toolchain/avr8/avr8-gnu-toolchain/bin/../lib/gcc/avr/5.4.0/../../../../avr/lib/avr5\libm.a(mulsf3x.o)
 .text.avr-libc.fplib
                0x00000000       0xd2 c:/program files (x86)/atmel/studio/7.0/toolchain/avr8/avr8-gnu-toolchain/bin/../lib/gcc/avr/5.4.0/../../../../avr/lib/avr5\libm.a(mulsf3x.o)
 .text          0x00000000        0x0 c:/program files (x86)/atmel/studio/7.0/toolchain/avr8/avr8-gnu-toolchain/bin/../lib/gcc/avr/5.4.0/avr5\libgcc.a(_udivmodhi4.o)
 .data          0x00000000        0x0 c:/program files (x86)/atmel/studio/7.0/toolchain/avr8/avr8-gnu-toolchain/bin/../lib/gcc/avr/5.4.0/avr5\libgcc.a(_udivmodhi4.o)
 .bss           0x00000000        0x0 c:/program files (x86)/atmel/studio/7.0/toolchain/avr8/avr8-gnu-toolchain/bin/../lib/gcc/avr/5.4.0/avr5\libgcc.a(_udivmodhi4.o)
 .text.libgcc.mul
                0x00000000        0x0 c:/program files (x86)/atmel/studio/7.0/toolchain/avr8/avr8-gnu-toolchain/bin/../lib/gcc/avr/5.4.0/avr5\libgcc.a(_udivmodhi4.o)
 .text.libgcc.div
                0x00000000       0x28 c:/program files (x86)/atmel/studio/7.0/toolchain/avr8/avr8-gnu-toolchain/bin/../lib/gcc/avr/5.4.0/avr5\libgcc.a(_udivmodhi4.o)
 .text.libgcc   0x00000000        0x0 c:/program files (x86)/atmel/studio/7.0/toolchain/avr8/avr8-gnu-toolchain/bin/../lib/gcc/avr/5.4.0/avr5\libgcc.a(_udivmodhi4.o)
 .text.libgcc.prologue
                0x00000000        0x0 c:/program files (x86)/atmel/studio/7.0/toolchain/avr8/avr8-gnu-toolchain/bin/../lib/gcc/avr/5.4.0/avr5\libgcc.a(_udivmodhi4.o)
 .text.libgcc.builtins
                0x00000000        0x0 c:/program files (x86)/atmel/studio/7.0/toolchain/avr8/avr8-gnu-toolchain/bin/../lib/gcc/avr/5.4.0/avr5\libgcc.a(_udivmodhi4.o)
 .text.libgcc.fmul
                0x00000000        0x0 c:/program files (x86)/atmel/studio/7.0/toolchain/avr8/avr8-gnu-toolchain/bin/../lib/gcc/avr/5.4.0/avr5\libgcc.a(_udivmodhi4.o)
 .text.libgcc.fixed
                0x00000000        0x0 c:/program files (x86)/atmel/studio/7.0/toolchain/avr8/avr8-gnu-toolchain/bin/../lib/gcc/avr/5.4.0/avr5\libgcc.a(_udivmodhi4.o)
 .text          0x00000000        0x0 c:/program files (x86)/atmel/studio/7.0/toolchain/avr8/avr8-gnu-toolchain/bin/../lib/gcc/avr/5.4.0/avr5\libgcc.a(_divmodhi4.o)
 .data          0x00000000        0x0 c:/program files (x86)/atmel/studio/7.0/toolchain/avr8/avr8-gnu-toolchain/bin/../lib/gcc/avr/5.4.0/avr5\libgcc.a(_divmodhi4.o)
 .bss           0x00000000        0x0 c:/program files (x86)/atmel/studio/7.0/toolchain/avr8/avr8-gnu-toolchain/bin/../lib/gcc/avr/5.4.0/avr5\libgcc.a(_divmodhi4.o)
 .text.libgcc.mul
                0x00000000        0x0 c:/program files (x86)/atmel/studio/7.0/toolchain/avr8/avr8-gnu-toolchain/bin/../lib/gcc/avr/5.4.0/avr5\libgcc.a(_divmodhi4.o)
 .text.libgcc.div
                0x00000000       0x28 c:/program files (x86)/atmel/studio/7.0/toolchain/avr8/avr8-gnu-toolchain/bin/../lib/gcc/avr/5.4.0/avr5\libgcc.a(_divmodhi4.o)
 .text.libgcc   0x00000000        0x0 c:/program files (x86)/atmel/studio/7.0/toolchain/avr8/avr8-gnu-toolchain/bin/../lib/gcc/avr/5.4.0/avr5\libgcc.a(_divmodhi4.o)
 .text.libgcc.prologue
                0x00000000        0x0 c:/program files (x86)/atmel/studio/7.0/toolchain/avr8/avr8-gnu-toolchain/bin/../lib/gcc/avr/5.4.0/avr5\libgcc.a(_divmodhi4.o)
 .text.libgcc.builtins
                0x00000000        0x0 c:/program files (x86)/atmel/studio/7.0/toolchain/avr8/avr8-gnu-toolchain/bin/../lib/gcc/avr/5.4.0/avr5\libgcc.a(_divmodhi4.o)
 .text.libgcc.fmul
                0x00000000        0x0 c:/program files (x86)/atmel/studio/7.0/toolchain/avr8/avr8-gnu-toolchain/bin/../lib/gcc/avr/5.4.0/avr5\libgcc.a(_divmodhi4.o)
 .text.libgcc.fixed
                0x00000000        0x0 c:/program files (x86)/atmel/studio/7.0/toolchain/avr8/avr8-gnu-toolchain/bin/../lib/gcc/avr/5.4.0/avr5\libgcc.a(_divmodhi4.o)
 .text          0x00000000        0x0 c:/program files (x86)/atmel/studio/7.0/toolchain/avr8/avr8-gnu-toolchain/bin/../lib/gcc/avr/5.4.0/avr5\libgcc.a(_udivmodsi4.o)
 .data          0x00000000        0x0 c:/program files (x86)/atmel/studio/7.0/toolchain/avr8/avr8-gnu-toolchain/bin/../lib/gcc/avr/5.4.0/avr5\libgcc.a(_udivmodsi4.o)
 .bss           0x00000000        0x0 c:/program files (x86)/atmel/studio/7.0/toolchain/avr8/avr8-gnu-toolchain/bin/../lib/gcc/avr/5.4.0/avr5\libgcc.a(_udivmodsi4.o)
 .text.libgcc.mul
                0x00000000        0x0 c:/program files (x86)/atmel/studio/7.0/toolchain/avr8/avr8-gnu-toolchain/bin/../lib/gcc/avr/5.4.0/avr5\libgcc.a(_udivmodsi4.o)
 .text.libgcc.div
                0x00000000       0x44 c:/program files (x86)/atmel/studio/7.0/toolchain/avr8/avr8-gnu-toolchain/bin/../lib/gcc/avr/5.4.0/avr5\libgcc.a(_udivmodsi4.o)
 .text.libgcc   0x00000000        0x0 c:/program files (x86)/atmel/studio/7.0/toolchain/avr8/avr8-gnu-toolchain/bin/../lib/gcc/avr/5.4.0/avr5\libgcc.a(_udivmodsi4.o)
 .text.libgcc.prologue
                0x00000000        0x0 c:/program files (x86)/atmel/studio/7.0/toolchain/avr8/avr8-gnu-toolchain/bin/../lib/gcc/avr/5.4.0/avr5\libgcc.a(_udivmodsi4.o)
 .text.libgcc.builtins
                0x00000000        0x0 c:/program files (x86)/atmel/studio/7.0/toolchain/avr8/avr8-gnu-toolchain/bin/../lib/gcc/avr/5.4.0/avr5\libgcc.a(_udivmodsi4.o)
 .text.libgcc.fmul
                0x00000000        0x0 c:/program files (x86)/atmel/studio/7.0/toolchain/avr8/avr8-gnu-toolchain/bin/../lib/gcc/avr/5.4.0/avr5\libgcc.a(_udivmodsi4.o)
 .text.libgcc.fixed
                0x00000000        0x0 c:/program files (x86)/atmel/studio/7.0/toolchain/avr8/avr8-gnu-toolchain/bin/../lib/gcc/avr/5.4.0/avr5\libgcc.a(_udivmodsi4.o)
 .text          0x00000000        0x0 c:/program files (x86)/atmel/studio/7.0/toolchain/avr8/avr8-gnu-toolchain/bin/../lib/gcc/avr/5.4.0/avr5\libgcc.a(_divmodsi4.o)
 .data          0x00000000        0x0 c:/program files (x86)/atmel/studio/7.0/toolchain/avr8/avr8-gnu-toolchain/bin/../lib/gcc/avr/5.4.0/avr5\libgcc.a(_divmodsi4.o)
 .bss           0x00000000        0x0 c:/program files (x86)/atmel/studio/7.0/toolchain/avr8/avr8-gnu-toolchain/bin/../lib/gcc/avr/5.4.0/avr5\libgcc.a(_divmodsi4.o)
 .text.libgcc.mul
                0x00000000        0x0 c:/program files (x86)/atmel/studio/7.0/toolchain/avr8/avr8-gnu-toolchain/bin/../lib/gcc/avr/5.4.0/avr5\libgcc.a(_divmodsi4.o)
 .text.libgcc.div
                0x00000000       0x2e c:/program files (x86)/atmel/studio/7.0/toolchain/avr8/avr8-gnu-toolchain/bin/../lib/gcc/avr/5.4.0/avr5\libgcc.a(_divmodsi4.o)
 .text.libgcc   0x00000000        0x0 c:/program files (x86)/atmel/studio/7.0/toolchain/avr8/avr8-gnu-toolchain/bin/../lib/gcc/avr/5.4.0/avr5\libgcc.a(_divmodsi4.o)
 .text.libgcc.prologue
                0x00000000        0x0 c:/program files (x86)/atmel/studio/7.0/toolchain/avr8/avr8-gnu-toolchain/bin/../lib/gcc/avr/5.4.0/avr5\libgcc.a(_divmodsi4.o)
 .text.libgcc.builtins
                0x00000000        0x0 c:/program files (x86)/atmel/studio/7.0/toolchain/avr8/avr8-gnu-toolchain/bin/../lib/gcc/avr/5.4.0/avr5\libgcc.a(_divmodsi4.o)
 .text.libgcc.fmul
                0x00000000        0x0 c:/program files (x86)/atmel/studio/7.0/toolchain/avr8/avr8-gnu-toolchain/bin/../lib/gcc/avr/5.4.0/avr5\libgcc.a(_divmodsi4.o)
 .text.libgcc.fixed
                0x00000000        0x0 c:/program files (x86)/atmel/studio/7.0/toolchain/avr8/avr8-gnu-toolchain/bin/../lib/gcc/avr/5.4.0/avr5\libgcc.a(_divmodsi4.o)
 .text          0x00000000        0x0 c:/program files (x86)/atmel/studio/7.0/toolchain/avr8/avr8-gnu-toolchain/bin/../lib/gcc/avr/5.4.0/avr5\libgcc.a(_negsi2.o)
 .data          0x00000000        0x0 c:/program files (x86)/atmel/studio/7.0/toolchain/avr8/avr8-gnu-toolchain/bin/../lib/gcc/avr/5.4.0/avr5\libgcc.a(_negsi2.o)
 .bss           0x00000000        0x0 c:/program files (x86)/atmel/studio/7.0/toolchain/avr8/avr8-gnu-toolchain/bin/../lib/gcc/avr/5.4.0/avr5\libgcc.a(_negsi2.o)
 .text.libgcc.mul
                0x00000000        0x0 c:/program files (x86)/atmel/studio/7.0/toolchain/avr8/avr8-gnu-toolchain/bin/../lib/gcc/avr/5.4.0/avr5\libgcc.a(_negsi2.o)
 .text.libgcc.div
                0x00000000       0x10 c:/program files (x86)/atmel/studio/7.0/toolchain/avr8/avr8-gnu-toolchain/bin/../lib/gcc/avr/5.4.0/avr5\libgcc.a(_negsi2.o)
 .text.libgcc   0x00000000        0x0 c:/program files (x86)/atmel/studio/7.0/toolchain/avr8/avr8-gnu-toolchain/bin/../lib/gcc/avr/5.4.0/avr5\libgcc.a(_negsi2.o)
 .text.libgcc.prologue
                0x00000000        0x0 c:/program files (x86)/atmel/studio/7.0/toolchain/avr8/avr8-gnu-toolchain/bin/../lib/gcc/avr/5.4.0/avr5\libgcc.a(_negsi2.o)
 .text.libgcc.builtins
                0x00000000        0x0 c:/program files (x86)/atmel/studio/7.0/toolchain/avr8/avr8-gnu-toolchain/bin/../lib/gcc/avr/5.4.0/avr5\libgcc.a(_negsi2.o)
 .text.libgcc.fmul
                0x00000000        0x0 c:/program files (x86)/atmel/studio/7.0/toolchain/avr8/avr8-gnu-toolchain/bin/../lib/gcc/avr/5.4.0/avr5\libgcc.a(_negsi2.o)
 .text.libgcc.fixed
                0x00000000        0x0 c:/program files (x86)/atmel/studio/7.0/toolchain/avr8/avr8-gnu-toolchain/bin/../lib/gcc/avr/5.4.0/avr5\libgcc.a(_negsi2.o)
 .text          0x00000000        0x0 c:/program files (x86)/atmel/studio/7.0/toolchain/avr8/avr8-gnu-toolchain/bin/../lib/gcc/avr/5.4.0/avr5\libgcc.a(_exit.o)
 .data          0x00000000        0x0 c:/program files (x86)/atmel/studio/7.0/toolchain/avr8/avr8-gnu-toolchain/bin/../lib/gcc/avr/5.4.0/avr5\libgcc.a(_exit.o)
 .bss           0x00000000        0x0 c:/program files (x86)/atmel/studio/7.0/toolchain/avr8/avr8-gnu-toolchain/bin/../lib/gcc/avr/5.4.0/avr5\libgcc.a(_exit.o)
 .text.libgcc.mul
                0x00000000        0x0 c:/program files (x86)/atmel/studio/7.0/toolchain/avr8/avr8-gnu-toolchain/bin/../lib/gcc/avr/5.4.0/avr5\libgcc.a(_exit.o)
 .text.libgcc.div
                0x00000000        0x0 c:/program files (x86)/atmel/studio/7.0/toolchain/avr8/avr8-gnu-toolchain/bin/../lib/gcc/avr/5.4.0/avr5\libgcc.a(_exit.o)
 .text.libgcc   0x00000000        0x0 c:/program files (x86)/atmel/studio/7.0/toolchain/avr8/avr8-gnu-toolchain/bin/../lib/gcc/avr/5.4.0/avr5\libgcc.a(_exit.o)
 .text.libgcc.prologue
                0x00000000        0x0 c:/program files (x86)/atmel/studio/7.0/toolchain/avr8/avr8-gnu-toolchain/bin/../lib/gcc/avr/5.4.0/avr5\libgcc.a(_exit.o)
 .text.libgcc.builtins
                0x00000000        0x0 c:/program files (x86)/atmel/studio/7.0/toolchain/avr8/avr8-gnu-toolchain/bin/../lib/gcc/avr/5.4.0/avr5\libgcc.a(_exit.o)
 .text.libgcc.fmul
                0x00000000        0x0 c:/program files (x86)/atmel/studio/7.0/toolchain/avr8/avr8-gnu-toolchain/bin/../lib/gcc/avr/5.4.0/avr5\libgcc.a(_exit.o)
 .text.libgcc.fixed
                0x00000000        0x0 c:/program files (x86)/atmel/studio/7.0/toolchain/avr8/avr8-gnu-toolchain/bin/../lib/gcc/avr/5.4.0/avr5\libgcc.a(_exit.o)
 .text          0x00000000        0x0 c:/program files (x86)/atmel/studio/7.0/toolchain/avr8/avr8-gnu-toolchain/bin/../lib/gcc/avr/5.4.0/avr5\libgcc.a(_tablejump2.o)
 .data          0x00000000        0x0 c:/program files (x86)/atmel/studio/7.0/toolchain/avr8/avr8-gnu-toolchain/bin/../lib/gcc/avr/5.4.0/avr5\libgcc.a(_tablejump2.o)
 .bss           0x00000000        0x0 c:/program files (x86)/atmel/studio/7.0/toolchain/avr8/avr8-gnu-toolchain/bin/../lib/gcc/avr/5.4.0/avr5\libgcc.a(_tablejump2.o)
 .text.libgcc.mul
                0x00000000        0x0 c:/program files (x86)/atmel/studio/7.0/toolchain/avr8/avr8-gnu-toolchain/bin/../lib/gcc/avr/5.4.0/avr5\libgcc.a(_tablejump2.o)
 .text.libgcc.div
                0x00000000        0x0 c:/program files (x86)/atmel/studio/7.0/toolchain/avr8/avr8-gnu-toolchain/bin/../lib/gcc/avr/5.4.0/avr5\libgcc.a(_tablejump2.o)
 .text.libgcc   0x00000000        0xc c:/program files (x86)/atmel/studio/7.0/toolchain/avr8/avr8-gnu-toolchain/bin/../lib/gcc/avr/5.4.0/avr5\libgcc.a(_tablejump2.o)
 .text.libgcc.prologue
                0x00000000        0x0 c:/program files (x86)/atmel/studio/7.0/toolchain/avr8/avr8-gnu-toolchain/bin/../lib/gcc/avr/5.4.0/avr5\libgcc.a(_tablejump2.o)
 .text.libgcc.builtins
                0x00000000        0x0 c:/program files (x86)/atmel/studio/7.0/toolchain/avr8/avr8-gnu-toolchain/bin/../lib/gcc/avr/5.4.0/avr5\libgcc.a(_tablejump2.o)
 .text.libgcc.fmul
                0x00000000        0x0 c:/program files (x86)/atmel/studio/7.0/toolchain/avr8/avr8-gnu-toolchain/bin/../lib/gcc/avr/5.4.0/avr5\libgcc.a(_tablejump2.o)
 .text.libgcc.fixed
                0x00000000        0x0 c:/program files (x86)/atmel/studio/7.0/toolchain/avr8/avr8-gnu-toolchain/bin/../lib/gcc/avr/5.4.0/avr5\libgcc.a(_tablejump2.o)
 .text          0x00000000        0x0 c:/program files (x86)/atmel/studio/7.0/toolchain/avr8/avr8-gnu-toolchain/bin/../lib/gcc/avr/5.4.0/avr5\libgcc.a(_copy_data.o)
 .data          0x00000000        0x0 c:/program files (x86)/atmel/studio/7.0/toolchain/avr8/avr8-gnu-toolchain/bin/../lib/gcc/avr/5.4.0/avr5\libgcc.a(_copy_data.o)
 .bss           0x00000000        0x0 c:/program files (x86)/atmel/studio/7.0/toolchain/avr8/avr8-gnu-toolchain/bin/../lib/gcc/avr/5.4.0/avr5\libgcc.a(_copy_data.o)
 .text.libgcc.mul
                0x00000000        0x0 c:/program files (x86)/atmel/studio/7.0/toolchain/avr8/avr8-gnu-toolchain/bin/../lib/gcc/avr/5.4.0/avr5\libgcc.a(_copy_data.o)
 .text.libgcc.div
                0x00000000        0x0 c:/program files (x86)/atmel/studio/7.0/toolchain/avr8/avr8-gnu-toolchain/bin/../lib/gcc/avr/5.4.0/avr5\libgcc.a(_copy_data.o)
 .text.libgcc   0x00000000        0x0 c:/program files (x86)/atmel/studio/7.0/toolchain/avr8/avr8-gnu-toolchain/bin/../lib/gcc/avr/5.4.0/avr5\libgcc.a(_copy_data.o)
 .text.libgcc.prologue
                0x00000000        0x0 c:/program files (x86)/atmel/studio/7.0/toolchain/avr8/avr8-gnu-toolchain/bin/../lib/gcc/avr/5.4.0/avr5\libgcc.a(_copy_data.o)
 .text.libgcc.builtins
                0x00000000        0x0 c:/program files (x86)/atmel/studio/7.0/toolchain/avr8/avr8-gnu-toolchain/bin/../lib/gcc/avr/5.4.0/avr5\libgcc.a(_copy_data.o)
 .text.libgcc.fmul
                0x00000000        0x0 c:/program files (x86)/atmel/studio/7.0/toolchain/avr8/avr8-gnu-toolchain/bin/../lib/gcc/avr/5.4.0/avr5\libgcc.a(_copy_data.o)
 .text.libgcc.fixed
                0x00000000        0x0 c:/program files (x86)/atmel/studio/7.0/toolchain/avr8/avr8-gnu-toolchain/bin/../lib/gcc/avr/5.4.0/avr5\libgcc.a(_copy_data.o)
 .text          0x00000000        0x0 c:/program files (x86)/atmel/studio/7.0/toolchain/avr8/avr8-gnu-toolchain/bin/../lib/gcc/avr/5.4.0/avr5\libgcc.a(_clear_bss.o)
 .data          0x00000000        0x0 c:/program files (x86)/atmel/studio/7.0/toolchain/avr8/avr8-gnu-toolchain/bin/../lib/gcc/avr/5.4.0/avr5\libgcc.a(_clear_bss.o)
 .bss           0x00000000        0x0 c:/program files (x86)/atmel/studio/7.0/toolchain/avr8/avr8-gnu-toolchain/bin/../lib/gcc/avr/5.4.0/avr5\libgcc.a(_clear_bss.o)
 .text.libgcc.mul
                0x00000000        0x0 c:/program files (x86)/atmel/studio/7.0/toolchain/avr8/avr8-gnu-toolchain/bin/../lib/gcc/avr/5.4.0/avr5\libgcc.a(_clear_bss.o)
 .text.libgcc.div
                0x00000000        0x0 c:/program files (x86)/atmel/studio/7.0/toolchain/avr8/avr8-gnu-toolchain/bin/../lib/gcc/avr/5.4.0/avr5\libgcc.a(_clear_bss.o)
 .text.libgcc   0x00000000        0x0 c:/program files (x86)/atmel/studio/7.0/toolchain/avr8/avr8-gnu-toolchain/bin/../lib/gcc/avr/5.4.0/avr5\libgcc.a(_clear_bss.o)
 .text.libgcc.prologue
                0x00000000        0x0 c:/program files (x86)/atmel/studio/7.0/toolchain/avr8/avr8-gnu-toolchain/bin/../lib/gcc/avr/5.4.0/avr5\libgcc.a(_clear_bss.o)
 .text.libgcc.builtins
                0x00000000        0x0 c:/program files (x86)/atmel/studio/7.0/toolchain/avr8/avr8-gnu-toolchain/bin/../lib/gcc/avr/5.4.0/avr5\libgcc.a(_clear_bss.o)
 .text.libgcc.fmul
                0x00000000        0x0 c:/program files (x86)/atmel/studio/7.0/toolchain/avr8/avr8-gnu-toolchain/bin/../lib/gcc/avr/5.4.0/avr5\libgcc.a(_clear_bss.o)
 .text.libgcc.fixed
                0x00000000        0x0 c:/program files (x86)/atmel/studio/7.0/toolchain/avr8/avr8-gnu-toolchain/bin/../lib/gcc/avr/5.4.0/avr5\libgcc.a(_clear_bss.o)
 .text          0x00000000        0x0 c:/program files (x86)/atmel/studio/7.0/toolchain/avr8/avr8-gnu-toolchain/bin/../lib/gcc/avr/5.4.0/avr5\libgcc.a(_umulhisi3.o)
 .data          0x00000000        0x0 c:/program files (x86)/atmel/studio/7.0/toolchain/avr8/avr8-gnu-toolchain/bin/../lib/gcc/avr/5.4.0/avr5\libgcc.a(_umulhisi3.o)
 .bss           0x00000000        0x0 c:/program files (x86)/atmel/studio/7.0/toolchain/avr8/avr8-gnu-toolchain/bin/../lib/gcc/avr/5.4.0/avr5\libgcc.a(_umulhisi3.o)
 .text.libgcc.mul
                0x00000000       0x1e c:/program files (x86)/atmel/studio/7.0/toolchain/avr8/avr8-gnu-toolchain/bin/../lib/gcc/avr/5.4.0/avr5\libgcc.a(_umulhisi3.o)
 .text.libgcc.div
                0x00000000        0x0 c:/program files (x86)/atmel/studio/7.0/toolchain/avr8/avr8-gnu-toolchain/bin/../lib/gcc/avr/5.4.0/avr5\libgcc.a(_umulhisi3.o)
 .text.libgcc   0x00000000        0x0 c:/program files (x86)/atmel/studio/7.0/toolchain/avr8/avr8-gnu-toolchain/bin/../lib/gcc/avr/5.4.0/avr5\libgcc.a(_umulhisi3.o)
 .text.libgcc.prologue
                0x00000000        0x0 c:/program files (x86)/atmel/studio/7.0/toolchain/avr8/avr8-gnu-toolchain/bin/../lib/gcc/avr/5.4.0/avr5\libgcc.a(_umulhisi3.o)
 .text.libgcc.builtins
                0x00000000        0x0 c:/program files (x86)/atmel/studio/7.0/toolchain/avr8/avr8-gnu-toolchain/bin/../lib/gcc/avr/5.4.0/avr5\libgcc.a(_umulhisi3.o)
 .text.libgcc.fmul
                0x00000000        0x0 c:/program files (x86)/atmel/studio/7.0/toolchain/avr8/avr8-gnu-toolchain/bin/../lib/gcc/avr/5.4.0/avr5\libgcc.a(_umulhisi3.o)
 .text.libgcc.fixed
                0x00000000        0x0 c:/program files (x86)/atmel/studio/7.0/toolchain/avr8/avr8-gnu-toolchain/bin/../lib/gcc/avr/5.4.0/avr5\libgcc.a(_umulhisi3.o)
 .text          0x00000000        0x0 c:/program files (x86)/atmel/studio/7.0/toolchain/avr8/avr8-gnu-toolchain/bin/../lib/gcc/avr/5.4.0/avr5\libgcc.a(_muluhisi3.o)
 .data          0x00000000        0x0 c:/program files (x86)/atmel/studio/7.0/toolchain/avr8/avr8-gnu-toolchain/bin/../lib/gcc/avr/5.4.0/avr5\libgcc.a(_muluhisi3.o)
 .bss           0x00000000        0x0 c:/program files (x86)/atmel/studio/7.0/toolchain/avr8/avr8-gnu-toolchain/bin/../lib/gcc/avr/5.4.0/avr5\libgcc.a(_muluhisi3.o)
 .text.libgcc.mul
                0x00000000       0x16 c:/program files (x86)/atmel/studio/7.0/toolchain/avr8/avr8-gnu-toolchain/bin/../lib/gcc/avr/5.4.0/avr5\libgcc.a(_muluhisi3.o)
 .text.libgcc.div
                0x00000000        0x0 c:/program files (x86)/atmel/studio/7.0/toolchain/avr8/avr8-gnu-toolchain/bin/../lib/gcc/avr/5.4.0/avr5\libgcc.a(_muluhisi3.o)
 .text.libgcc   0x00000000        0x0 c:/program files (x86)/atmel/studio/7.0/toolchain/avr8/avr8-gnu-toolchain/bin/../lib/gcc/avr/5.4.0/avr5\libgcc.a(_muluhisi3.o)
 .text.libgcc.prologue
                0x00000000        0x0 c:/program files (x86)/atmel/studio/7.0/toolchain/avr8/avr8-gnu-toolchain/bin/../lib/gcc/avr/5.4.0/avr5\libgcc.a(_muluhisi3.o)
 .text.libgcc.builtins
                0x00000000        0x0 c:/program files (x86)/atmel/studio/7.0/toolchain/avr8/avr8-gnu-toolchain/bin/../lib/gcc/avr/5.4.0/avr5\libgcc.a(_muluhisi3.o)
 .text.libgcc.fmul
                0x00000000        0x0 c:/program files (x86)/atmel/studio/7.0/toolchain/avr8/avr8-gnu-toolchain/bin/../lib/gcc/avr/5.4.0/avr5\libgcc.a(_muluhisi3.o)
 .text.libgcc.fixed
                0x00000000        0x0 c:/program files (x86)/atmel/studio/7.0/toolchain/avr8/avr8-gnu-toolchain/bin/../lib/gcc/avr/5.4.0/avr5\libgcc.a(_muluhisi3.o)

Memory Configuration

Name             Origin             Length             Attributes
text             0x00000000         0x00008000         xr
data             0x00800060         0x00000800         rw !x
eeprom           0x00810000         0x00000400         rw !x
fuse             0x00820000         0x00000002         rw !x
lock             0x00830000         0x00000400         rw !x
signature        0x00840000         0x00000400         rw !x
user_signatures  0x00850000         0x00000400         rw !x
*default*        0x00000000         0xffffffff

Linker script and memory map

LOAD C:/Program Files (x86)/Atmel/Studio/7.0/Packs/Atmel/ATmega_DFP/1.7.374/gcc/dev/atmega32/avr5/crtatmega32.o
LOAD HAL/Button.o
LOAD HAL/KeyPad.o
LOAD HAL/LCD.o
LOAD HAL/Led.o
LOAD HAL/Motor.o
LOAD HAL/RGB.o
LOAD HAL/Sensors.o
LOAD HAL/Servo.o
LOAD HAL/Seven_Segment.o
LOAD HAL/Stepper_Motor.o
LOAD HAL/Ultrasonic.o
LOAD main.o
LOAD MCAL/ADC.o
LOAD MCAL/DIO.o
LOAD MCAL/DIO_Lcfg.o
LOAD MCAL/External_Interrupts.o
LOAD MCAL/SPI.o
LOAD MCAL/TIMERS.o
LOAD MCAL/UART.o
LOAD SERVICES/Timers_Services.o
LOAD SERVICES/UART_Services.o
START GROUP
LOAD c:/program files (x86)/atmel/studio/7.0/toolchain/avr8/avr8-gnu-toolchain/bin/../lib/gcc/avr/5.4.0/../../../../avr/lib/avr5\libm.a
END GROUP
START GROUP
LOAD c:/program files (x86)/atmel/studio/7.0/toolchain/avr8/avr8-gnu-toolchain/bin/../lib/gcc/avr/5.4.0/avr5\libgcc.a
LOAD c:/program files (x86)/atmel/studio/7.0/toolchain/avr8/avr8-gnu-toolchain/bin/../lib/gcc/avr/5.4.0/../../../../avr/lib/avr5\libm.a
LOAD c:/program files (x86)/atmel/studio/7.0/toolchain/avr8/avr8-gnu-toolchain/bin/../lib/gcc/avr/5.4.0/../../../../avr/lib/avr5\libc.a
LOAD C:/Program Files (x86)/Atmel/Studio/7.0/Packs/Atmel/ATmega_DFP/1.7.374/gcc/dev/atmega32/avr5\libatmega32.a
END GROUP
                0x00000000                __TEXT_REGION_ORIGIN__ = DEFINED (__TEXT_REGION_ORIGIN__)?__TEXT_REGION_ORIGIN__:0x0
                [0x00800060]                __DATA_REGION_ORIGIN__ = DEFINED (__DATA_REGION_ORIGIN__)?__DATA_REGION_ORIGIN__:0x800060
                [0x00008000]                __TEXT_REGION_LENGTH__ = DEFINED (__TEXT_REGION_LENGTH__)?__TEXT_REGION_LENGTH__:0x20000
                [0x00000800]                __DATA_REGION_LENGTH__ = DEFINED (__DATA_REGION_LENGTH__)?__DATA_REGION_LENGTH__:0xffa0
                [0x00000400]                __EEPROM_REGION_LENGTH__ = DEFINED (__EEPROM_REGION_LENGTH__)?__EEPROM_REGION_LENGTH__:0x10000
                [0x00000002]                __FUSE_REGION_LENGTH__ = DEFINED (__FUSE_REGION_LENGTH__)?__FUSE_REGION_LENGTH__:0x400
                0x00000400                __LOCK_REGION_LENGTH__ = DEFINED (__LOCK_REGION_LENGTH__)?__LOCK_REGION_LENGTH__:0x400
                0x00000400                __SIGNATURE_REGION_LENGTH__ = DEFINED (__SIGNATURE_REGION_LENGTH__)?__SIGNATURE_REGION_LENGTH__:0x400
                0x00000400                __USER_SIGNATURE_REGION_LENGTH__ = DEFINED (__USER_SIGNATURE_REGION_LENGTH__)?__USER_SIGNATURE_REGION_LENGTH__:0x400

.hash
 *(.hash)

.dynsym
 *(.dynsym)

.dynstr
 *(.dynstr)

.gnu.version
 *(.gnu.version)

.gnu.version_d
 *(.gnu.version_d)

.gnu.version_r
 *(.gnu.version_r)

.rel.init
 *(.rel.init)

.rela.init
 *(.rela.init)

.rel.text
 *(.rel.text)
 *(.rel.text.*)
 *(.rel.gnu.linkonce.t*)

.rela.text
 *(.rela.text)
 *(.rela.text.*)
 *(.rela.gnu.linkonce.t*)

.rel.fini
 *(.rel.fini)

.rela.fini
 *(.rela.fini)

.rel.rodata
 *(.rel.rodata)
 *(.rel.rodata.*)
 *(.rel.gnu.linkonce.r*)

.rela.rodata
 *(.rela.rodata)
 *(.rela.rodata.*)
 *(.rela.gnu.linkonce.r*)

.rel.data
 *(.rel.data)
 *(.rel.data.*)
 *(.rel.gnu.linkonce.d*)

.rela.data
 *(.rela.data)
 *(.rela.data.*)
 *(.rela.gnu.linkonce.d*)

.rel.ctors
 *(.rel.ctors)

.rela.ctors
 *(.rela.ctors)

.rel.dtors
 *(.rel.dtors)

.rela.dtors
 *(.rela.dtors)

.rel.got
 *(.rel.got)

.rela.got
 *(.rela.got)

.rel.bss
 *(.rel.bss)

.rela.bss
 *(.rela.bss)

.rel.plt
 *(.rel.plt)

.rela.plt
 *(.rela.plt)

.text           0x00000000      0x958
 *(.vectors)
 .vectors       0x00000000       0x54 C:/Program Files (x86)/Atmel/Studio/7.0/Packs/Atmel/ATmega_DFP/1.7.374/gcc/dev/atmega32/avr5/crtatmega32.o
                0x00000000                __vector_default
                0x00000000                __vectors
 *(.vectors)
 *(.progmem.gcc*)
                0x00000054                . = ALIGN (0x2)
                0x00000054                __trampolines_start = .
 *(.trampolines)
 .trampolines   0x00000054        0x0 linker stubs
 *(.trampolines*)
                0x00000054                __trampolines_end = .
 *libprintf_flt.a:*(.progmem.data)
 *libc.a:*(.progmem.data)
 *(.progmem*)
                0x00000054                . = ALIGN (0x2)
 *(.jumptables)
 *(.jumptables*)
 *(.lowtext)
 *(.lowtext*)
                0x00000054                __ctors_start = .
 *(.ctors)
                0x00000054                __ctors_end = .
                0x00000054                __dtors_start = .
 *(.dtors)
                0x00000054                __dtors_end = .
 SORT(*)(.ctors)
 SORT(*)(.dtors)
 *(.init0)
 .init0         0x00000054        0x0 C:/Program Files (x86)/Atmel/Studio/7.0/Packs/Atmel/ATmega_DFP/1.7.374/gcc/dev/atmega32/avr5/crtatmega32.o
                0x00000054                __init
 *(.init0)
 *(.init1)
 *(.init1)
 *(.init2)
 .init2         0x00000054        0xc C:/Program Files (x86)/Atmel/Studio/7.0/Packs/Atmel/ATmega_DFP/1.7.374/gcc/dev/atmega32/avr5/crtatmega32.o
 *(.init2)
 *(.init3)
 *(.init3)
 *(.init4)
 .init4         0x00000060       0x16 c:/program files (x86)/atmel/studio/7.0/toolchain/avr8/avr8-gnu-toolchain/bin/../lib/gcc/avr/5.4.0/avr5\libgcc.a(_copy_data.o)
                0x00000060                __do_copy_data
 .init4         0x00000076       0x10 c:/program files (x86)/atmel/studio/7.0/toolchain/avr8/avr8-gnu-toolchain/bin/../lib/gcc/avr/5.4.0/avr5\libgcc.a(_clear_bss.o)
                0x00000076                __do_clear_bss
 *(.init4)
 *(.init5)
 *(.init5)
 *(.init6)
 *(.init6)
 *(.init7)
 *(.init7)
 *(.init8)
 *(.init8)
 *(.init9)
 .init9         0x00000086        0x8 C:/Program Files (x86)/Atmel/Studio/7.0/Packs/Atmel/ATmega_DFP/1.7.374/gcc/dev/atmega32/avr5/crtatmega32.o
 *(.init9)
 *(.text)
 .text          0x0000008e        0x4 C:/Program Files (x86)/Atmel/Studio/7.0/Packs/Atmel/ATmega_DFP/1.7.374/gcc/dev/atmega32/avr5/crtatmega32.o
                0x0000008e                __vector_1
                0x0000008e                __vector_12
                0x0000008e                __bad_interrupt
                0x0000008e                __vector_6
                0x0000008e                __vector_3
                0x0000008e                __vector_17
                0x0000008e                __vector_19
                0x0000008e                __vector_7
                0x0000008e                __vector_8
                0x0000008e                __vector_10
                0x0000008e                __vector_16
                0x0000008e                __vector_18
                0x0000008e                __vector_20
                0x00000092                . = ALIGN (0x2)
 *(.text.*)
 .text.LCD_WriteCommand
                0x00000092       0xc0 HAL/LCD.o
 .text.LCD_WriteData
                0x00000152       0xc0 HAL/LCD.o
 .text.LCD_Init
                0x00000212       0x3e HAL/LCD.o
                0x00000212                LCD_Init
 .text.LCD_WriteChar
                0x00000250        0x6 HAL/LCD.o
                0x00000250                LCD_WriteChar
 .text.LCD_WriteString
                0x00000256       0x26 HAL/LCD.o
                0x00000256                LCD_WriteString
 .text.LCD_GoTo
                0x0000027c       0x1c HAL/LCD.o
                0x0000027c                LCD_GoTo
 .text.LCD_GoToWriteString
                0x00000298       0x16 HAL/LCD.o
                0x00000298                LCD_GoToWriteString
 .text.Application_Init
                0x000002ae       0x12 main.o
                0x000002ae                Application_Init
 .text.main     0x000002c0       0x28 main.o
                0x000002c0                main
 .text.DIO_InitPin
                0x000002e8      0x1fa MCAL/DIO.o
                0x000002e8                DIO_InitPin
 .text.DIO_Init
                0x000004e2       0x20 MCAL/DIO.o
                0x000004e2                DIO_Init
 .text.DIO_WritePin
                0x00000502      0x10a MCAL/DIO.o
                0x00000502                DIO_WritePin
 .text.DIO_TogglePin
                0x0000060c       0x82 MCAL/DIO.o
                0x0000060c                DIO_TogglePin
 .text.__vector_2
                0x0000068e       0x64 MCAL/External_Interrupts.o
                0x0000068e                __vector_2
 .text.SPI_Init
                0x000006f2       0x1a MCAL/SPI.o
                0x000006f2                SPI_Init
 .text.SPI_SendReceive
                0x0000070c        0xa MCAL/SPI.o
                0x0000070c                SPI_SendReceive
 .text.__vector_11
                0x00000716       0x52 MCAL/TIMERS.o
                0x00000716                __vector_11
 .text.__vector_9
                0x00000768       0x52 MCAL/TIMERS.o
                0x00000768                __vector_9
 .text.__vector_5
                0x000007ba       0x52 MCAL/TIMERS.o
                0x000007ba                __vector_5
 .text.__vector_4
                0x0000080c       0x52 MCAL/TIMERS.o
                0x0000080c                __vector_4
 .text.__vector_13
                0x0000085e       0x52 MCAL/UART.o
                0x0000085e                __vector_13
 .text.__vector_15
                0x000008b0       0x52 MCAL/UART.o
                0x000008b0                __vector_15
 .text.__vector_14
                0x00000902       0x52 MCAL/UART.o
                0x00000902                __vector_14
                0x00000954                . = ALIGN (0x2)
 *(.fini9)
 .fini9         0x00000954        0x0 c:/program files (x86)/atmel/studio/7.0/toolchain/avr8/avr8-gnu-toolchain/bin/../lib/gcc/avr/5.4.0/avr5\libgcc.a(_exit.o)
                0x00000954                _exit
                0x00000954                exit
 *(.fini9)
 *(.fini8)
 *(.fini8)
 *(.fini7)
 *(.fini7)
 *(.fini6)
 *(.fini6)
 *(.fini5)
 *(.fini5)
 *(.fini4)
 *(.fini4)
 *(.fini3)
 *(.fini3)
 *(.fini2)
 *(.fini2)
 *(.fini1)
 *(.fini1)
 *(.fini0)
 .fini0         0x00000954        0x4 c:/program files (x86)/atmel/studio/7.0/toolchain/avr8/avr8-gnu-toolchain/bin/../lib/gcc/avr/5.4.0/avr5\libgcc.a(_exit.o)
 *(.fini0)
                0x00000958                _etext = .

.data           0x00800060       0x30 load address 0x00000958
                0x00800060                PROVIDE (__data_start, .)
 *(.data)
 *(.data*)
 *(.gnu.linkonce.d*)
 *(.rodata)
 *(.rodata*)
 .rodata.str1.1
                0x00800060        0x7 main.o
 .rodata.PinsStatusArray
                0x00800067       0x20 MCAL/DIO_Lcfg.o
                0x00800067                PinsStatusArray
 .rodata.str1.1
                0x00800087        0x9 MCAL/External_Interrupts.o
 *(.gnu.linkonce.r*)
                0x00800090                . = ALIGN (0x2)
                0x00800090                _edata = .
                0x00800090                PROVIDE (__data_end, .)

.bss            0x00800090       0x10
                0x00800090                PROVIDE (__bss_start, .)
 *(.bss)
 *(.bss*)
 .bss.INT1_Fptr
                0x00800090        0x2 MCAL/External_Interrupts.o
 .bss.Timer2_OC_Fptr
                0x00800092        0x2 MCAL/TIMERS.o
 .bss.Timer2_OVF_Fptr
                0x00800094        0x2 MCAL/TIMERS.o
 .bss.Timer1_OVF_Fptr
                0x00800096        0x2 MCAL/TIMERS.o
 .bss.Timer0_OVF_Fptr
                0x00800098        0x2 MCAL/TIMERS.o
 .bss.UART_UDRE_Fptr
                0x0080009a        0x2 MCAL/UART.o
 .bss.UART_RxC_Fptr
                0x0080009c        0x2 MCAL/UART.o
 .bss.UART_TxC_Fptr
                0x0080009e        0x2 MCAL/UART.o
 *(COMMON)
                0x008000a0                PROVIDE (__bss_end, .)
                0x00000958                __data_load_start = LOADADDR (.data)
                0x00000988                __data_load_end = (__data_load_start + SIZEOF (.data))

.noinit         0x008000a0        0x0
                [!provide]                PROVIDE (__noinit_start, .)
 *(.noinit*)
                [!provide]                PROVIDE (__noinit_end, .)
                0x008000a0                _end = .
                [!provide]                PROVIDE (__heap_start, .)

.eeprom         0x00810000        0x0
 *(.eeprom*)
                0x00810000                __eeprom_end = .

.fuse
 *(.fuse)
 *(.lfuse)
 *(.hfuse)
 *(.efuse)

.lock
 *(.lock*)

.signature
 *(.signature*)

.user_signatures
 *(.user_signatures*)

.stab
 *(.stab)

.stabstr
 *(.stabstr)

.stab.excl
 *(.stab.excl)

.stab.exclstr
 *(.stab.exclstr)

.stab.index
 *(.stab.index)

.stab.indexstr
 *(.stab.indexstr)

.comment        0x00000000       0x30
 *(.comment)
 .comment       0x00000000       0x30 HAL/LCD.o
                                 0x31 (size before relaxing)
 .comment       0x00000030       0x31 main.o
 .comment       0x00000030       0x31 MCAL/DIO.o
 .comment       0x00000030       0x31 MCAL/DIO_Lcfg.o
 .comment       0x00000030       0x31 MCAL/External_Interrupts.o
 .comment       0x00000030       0x31 MCAL/SPI.o
 .comment       0x00000030       0x31 MCAL/TIMERS.o
 .comment       0x00000030       0x31 MCAL/UART.o

.note.gnu.avr.deviceinfo
                0x00000000       0x3c
 .note.gnu.avr.deviceinfo
                0x00000000       0x3c C:/Program Files (x86)/Atmel/Studio/7.0/Packs/Atmel/ATmega_DFP/1.7.374/gcc/dev/atmega32/avr5/crtatmega32.o

.note.gnu.build-id
 *(.note.gnu.build-id)

.debug
 *(.debug)

.line
 *(.line)

.debug_srcinfo
 *(.debug_srcinfo)

.debug_sfnames
 *(.debug_sfnames)

.debug_aranges  0x00000000      0x388
 *(.debug_aranges)
 .debug_aranges
                0x00000000       0xb0 HAL/LCD.o
 .debug_aranges
                0x000000b0       0x28 main.o
 .debug_aranges
                0x000000d8       0x68 MCAL/DIO.o
 .debug_aranges
                0x00000140       0x18 MCAL/DIO_Lcfg.o
 .debug_aranges
                0x00000158       0x40 MCAL/External_Interrupts.o
 .debug_aranges
                0x00000198       0x28 MCAL/SPI.o
 .debug_aranges
                0x000001c0      0x138 MCAL/TIMERS.o
 .debug_aranges
                0x000002f8       0x90 MCAL/UART.o

.debug_pubnames
 *(.debug_pubnames)

.debug_info     0x00000000     0x2b6b
 *(.debug_info .gnu.linkonce.wi.*)
 .debug_info    0x00000000      0x4e6 C:/Program Files (x86)/Atmel/Studio/7.0/Packs/Atmel/ATmega_DFP/1.7.374/gcc/dev/atmega32/avr5/crtatmega32.o
 .debug_info    0x000004e6      0xf1b HAL/LCD.o
 .debug_info    0x00001401      0x25b main.o
 .debug_info    0x0000165c      0x4fa MCAL/DIO.o
 .debug_info    0x00001b56      0x178 MCAL/DIO_Lcfg.o
 .debug_info    0x00001cce      0x35a MCAL/External_Interrupts.o
 .debug_info    0x00002028       0xd6 MCAL/SPI.o
 .debug_info    0x000020fe      0x7e9 MCAL/TIMERS.o
 .debug_info    0x000028e7      0x284 MCAL/UART.o

.debug_abbrev   0x00000000      0xe43
 *(.debug_abbrev)
 .debug_abbrev  0x00000000      0x4a3 C:/Program Files (x86)/Atmel/Studio/7.0/Packs/Atmel/ATmega_DFP/1.7.374/gcc/dev/atmega32/avr5/crtatmega32.o
 .debug_abbrev  0x000004a3      0x29f HAL/LCD.o
 .debug_abbrev  0x00000742      0x102 main.o
 .debug_abbrev  0x00000844      0x1b5 MCAL/DIO.o
 .debug_abbrev  0x000009f9       0x75 MCAL/DIO_Lcfg.o
 .debug_abbrev  0x00000a6e      0x105 MCAL/External_Interrupts.o
 .debug_abbrev  0x00000b73       0xa1 MCAL/SPI.o
 .debug_abbrev  0x00000c14      0x128 MCAL/TIMERS.o
 .debug_abbrev  0x00000d3c      0x107 MCAL/UART.o

.debug_line     0x00000000     0x197b
 *(.debug_line .debug_line.* .debug_line_end)
 .debug_line    0x00000000      0x116 C:/Program Files (x86)/Atmel/Studio/7.0/Packs/Atmel/ATmega_DFP/1.7.374/gcc/dev/atmega32/avr5/crtatmega32.o
 .debug_line    0x00000116      0x71a HAL/LCD.o
 .debug_line    0x00000830       0xe9 main.o
 .debug_line    0x00000919      0x50c MCAL/DIO.o
 .debug_line    0x00000e25       0x43 MCAL/DIO_Lcfg.o
 .debug_line    0x00000e68      0x201 MCAL/External_Interrupts.o
 .debug_line    0x00001069       0x99 MCAL/SPI.o
 .debug_line    0x00001102      0x673 MCAL/TIMERS.o
 .debug_line    0x00001775      0x206 MCAL/UART.o

.debug_frame    0x00000000      0xa58
 *(.debug_frame)
 .debug_frame   0x00000000      0x218 HAL/LCD.o
 .debug_frame   0x00000218       0x34 main.o
 .debug_frame   0x0000024c       0xbc MCAL/DIO.o
 .debug_frame   0x00000308       0xac MCAL/External_Interrupts.o
 .debug_frame   0x000003b4       0x34 MCAL/SPI.o
 .debug_frame   0x000003e8      0x494 MCAL/TIMERS.o
 .debug_frame   0x0000087c      0x1dc MCAL/UART.o

.debug_str      0x00000000     0x132a
 *(.debug_str)
 .debug_str     0x00000000      0x196 C:/Program Files (x86)/Atmel/Studio/7.0/Packs/Atmel/ATmega_DFP/1.7.374/gcc/dev/atmega32/avr5/crtatmega32.o
 .debug_str     0x00000196      0x41a HAL/LCD.o
                                0x458 (size before relaxing)
 .debug_str     0x000005b0       0xe6 main.o
                                0x27f (size before relaxing)
 .debug_str     0x00000696      0x191 MCAL/DIO.o
                                0x3cb (size before relaxing)
 .debug_str     0x00000827       0x13 MCAL/DIO_Lcfg.o
                                0x255 (size before relaxing)
 .debug_str     0x0000083a      0x105 MCAL/External_Interrupts.o
                                0x3c9 (size before relaxing)
 .debug_str     0x0000093f       0x20 MCAL/SPI.o
                                0x186 (size before relaxing)
 .debug_str     0x0000095f      0x868 MCAL/TIMERS.o
                                0x9d7 (size before relaxing)
 .debug_str     0x000011c7      0x163 MCAL/UART.o
                                0x2a8 (size before relaxing)

.debug_loc      0x00000000     0x2835
 *(.debug_loc)
 .debug_loc     0x00000000      0xe57 HAL/LCD.o
 .debug_loc     0x00000e57       0x3e main.o
 .debug_loc     0x00000e95      0xbae MCAL/DIO.o
 .debug_loc     0x00001a43      0x28c MCAL/External_Interrupts.o
 .debug_loc     0x00001ccf       0x59 MCAL/SPI.o
 .debug_loc     0x00001d28      0x884 MCAL/TIMERS.o
 .debug_loc     0x000025ac      0x289 MCAL/UART.o

.debug_macinfo
 *(.debug_macinfo)

.debug_weaknames
 *(.debug_weaknames)

.debug_funcnames
 *(.debug_funcnames)

.debug_typenames
 *(.debug_typenames)

.debug_varnames
 *(.debug_varnames)

.debug_pubtypes
 *(.debug_pubtypes)

.debug_ranges   0x00000000      0x330
 *(.debug_ranges)
 .debug_ranges  0x00000000       0xd0 HAL/LCD.o
 .debug_ranges  0x000000d0       0x18 main.o
 .debug_ranges  0x000000e8       0x58 MCAL/DIO.o
 .debug_ranges  0x00000140       0x30 MCAL/External_Interrupts.o
 .debug_ranges  0x00000170       0x18 MCAL/SPI.o
 .debug_ranges  0x00000188      0x128 MCAL/TIMERS.o
 .debug_ranges  0x000002b0       0x80 MCAL/UART.o

.debug_macro
 *(.debug_macro)
OUTPUT(AVR_Application.elf elf32-avr)
LOAD linker stubs
